Script started on 2023-10-04 15:04:04-04:00
bash-4.4$ ls
cs131  ws4.txt
bash-4.4$ cd cs131/
bash-4.4$ ls
Assignment1  index.html  Worksheet1  Worksheet2  Worksheet3  Worksheet4
bash-4.4$ cd Worksheet
bash: cd: Worksheet: No such file or directory
bash-4.4$ cd Worksheet4
bash-4.4$ ls
bash-4.4$ wget[K[K[K[Kwget https://raw.githubusercontent.com/khanchandaniashish/CS131/main/Global%20YouTube%20Statistics.csv
--2023-10-04 15:04:53--  https://raw.githubusercontent.com/khanchandaniashish/CS131/main/Global%20YouTube%20Statistics.csv
Resolving raw.githubusercontent.com (raw.githubusercontent.com)... 185.199.109.133, 185.199.111.133, 185.199.110.133, ...
Connecting to raw.githubusercontent.com (raw.githubusercontent.com)|185.199.109.133|:443... connected.
HTTP request sent, awaiting response... 200 OK
Length: 200279 (196K) [text/plain]
Saving to: â€˜Global YouTube Statistics.csvâ€™

Global YouTube Statistics.csv                        0%[                                                                                                                 ]       0  --.-KB/s               Global YouTube Statistics.csv                      100%[================================================================================================================>] 195.58K  --.-KB/s    in 0.008s  

2023-10-04 15:04:53 (22.6 MB/s) - â€˜Global YouTube Statistics.csvâ€™ saved [200279/200279]

bash-4.4$ ls
'Global YouTube Statistics.csv'
bash-4.4$ l Global\ YouTube\ Statistics.csv 
-rw-rw-r-- 1 rahulf23 rahulf23 200279 Oct  4 15:04 'Global YouTube Statistics.csv'
bash-4.4$ w Global\ YouTube\ Statistics.csv 
   996   4174 200279 Global YouTube Statistics.csv
bash-4.4$ mkdir Subscribers
bash-4.4$ ls
'Global YouTube Statistics.csv'   Subscribers
bash-4.4$ ls
'Global YouTube Statistics.csv'   Subscribers
bash-4.4$ cd  Subscribers/
bash-4.4$ touch Subscribers/UnitedStae[Ktes.txt
touch: cannot touch 'Subscribers/UnitedStates.txt': No such file or directory
bash-4.4$ s[Kls
bash-4.4$ touch United[K[K[K[K[K[K[K[K[K[K[K[Kcd ..
bash-4.4$ ls
'Global YouTube Statistics.csv'   Subscribers
bash-4.4$ touch Subscribers/Unites[Kdstat[K[K[K[KStates.txt
bash-4.4$ touch Subst[Kcribers/Indian[K.tz[Kxt
bash-4.4$ grep "India" Global\ YouTube\ Statistics.csv >> Subscribers/India.txt 
bash-4.4$ grep "India" Global\ YouTube\ Statistics.csv >> Subscribers/India.txt [C[C[C[C[C[C[C[C[C[C[Kgrep :Un[K[K[K"United States" Global\ YouTube\ Statistics.csv >> Subscribers//[KUnitedStates.txt 
bash-4.4$ ls
'Global YouTube Statistics.csv'   Subscribers
bash-4.4$ ls
'Global YouTube Statistics.csv'   Subscribers
bash-4.4$ rm Subscribers/UnitedStates.txt 
bash-4.4$ ls
'Global YouTube Statistics.csv'   Subscribers
bash-4.4$ touch Subscribers/United_States.txt
bash-4.4$ ls
'Global YouTube Statistics.csv'   Subscribers
bash-4.4$ grep[2Plstouch Subscribers/United_States.txt[C[C[C[C[C[C[C[C[C[Cls[Krm Subscribers/UnitedStates.txt [C[C[C[C[C[C[C[C[C[Cls[Kgrep "United States" Global\ YouTube\ Statistics.csv >> Subscribers/UnitedStates.txt [1@_
bash-4.4$ ls
'Global YouTube Statistics.csv'   Subscribers
bash-4.4$ cd Subscribers/
bash-4.4$ ls
India.txt  United_States.txt
bash-4.4$ ls[Kgrep "India [K" G[K[K[K[K[K[K[K[K[K[K[K[K[K[Kcd ..
bash-4.4$ grpe "[K[K[K[K[Krept[K "India" Global\ YouTube\ Statistics.csv | -K[Kk3,3 [K
bash: -k3,3: command not found
bash-4.4$ grep "[K[K[K[K[K[Kgrep "India" Global\ YouTube\ Statistics.csv | -k3,3s -k3,3o -k3,3r -k3,3t -k3,3[1@ 
125,Rajshri,33500000,14864294792,Music,Rajshri,3741,India,IN,Entertainment,222,34,36,272255000,68100,1100000,816800,13100000,500000,2006,Mar,24,28.1,1366417754,5.36,471031528,20.593684,78.96288
140,StarPlus,32000000,26800674545,Entertainment,StarPlus,44892,India,IN,Entertainment,60,38,40,1667000000,416800,6700000,5000000,80000000,1200000,2006,May,19,28.1,1366417754,5.36,471031528,20.593684,78.96288
157,Round2hell,30700000,3145161634,Comedy,Round2hell,67,India,IN,Entertainment,2687,41,45,31822000,8000,127300,95500,1500000,300000,2016,Oct,20,28.1,1366417754,5.36,471031528,20.593684,78.96288
1,T-Series,245000000,2.28E+11,Music,T-Series,20082,India,IN,Music,1,1,1,2258000000,564600,9000000,6800000,108400000,2000000,2006,Mar,13,28.1,1366417754,5.36,471031528,20.593684,78.96288
307,Heroindori,22600000,9223534599,Comedy,Heroindori,495,India,IN,Entertainment,508,62,81,399152000,99800,1600000,1200000,19200000,1400000,2020,Jun,29,28.1,1366417754,5.36,471031528,20.593684,78.96288
347,Azhan5star,21300000,10047736580,Entertainment,Azhan5star,669,India,IN,Entertainment,436,67,92,236293000,59100,945200,708900,11300000,600000,2021,Feb,2,28.1,1366417754,5.36,471031528,20.593684,78.96288
423,etvteluguindia,19400000,23038014291,Entertainment,etvteluguindia,125974,India,IN,Entertainment,88,75,109,272917000,68200,1100000,818800,13100000,200000,2010,Mar,15,28.1,1366417754,5.36,471031528,20.593684,78.96288
429,Sonotek,19200000,7590582024,Entertainment,Sonotek,8285,India,IN,Music,724,77,98,28678000,7200,114700,86000,1400000,100000,2011,Jan,11,28.1,1366417754,5.36,471031528,20.593684,78.96288
48,Shemaroo,47400000,22519705183,Entertainment,Shemaroo,11451,India,IN,Entertainment,97,17,10,232744000,58200,931000,698200,11200000,500000,2007,Sep,1,28.1,1366417754,5.36,471031528,20.593684,78.96288
50,SonyMusicIndiaVEVO,46600000,27286058807,Music,SonyMusicIndiaVEVO,3444,United States,US,Music,55,17,22,314505000,78600,1300000,943500,15100000,400000,2009,Sep,2,88.2,328239523,14.7,270663028,37.09024,-95.712891
512,FactTechz,17500000,2238134438,Entertainment,FactTechz,709,India,IN,Entertainment,4243,86,124,21056000,5300,84200,63200,1000000,nan,2016,Jul,24,28.1,1366417754,5.36,471031528,20.593684,78.96288
558,SriBalajiMovies,16600000,9439857193,Entertainment,SriBalajiMovies,20102,India,IN,Entertainment,497,91,132,154049000,38500,616200,462100,7400000,200000,2011,Sep,29,28.1,1366417754,5.36,471031528,20.593684,78.96288
768,ZEE5,14400000,18515587421,Entertainment,ZEE5,101401,India,IN,Entertainment,142,108,152,149799000,37400,599200,449400,7200000,100000,2018,Feb,13,28.1,1366417754,5.36,471031528,20.593684,78.96288
780,SEVENGERS,14200000,10238593147,Comedy,SEVENGERS,872,India,IN,Comedy,422,110,33,367898000,92000,1500000,1100000,17700000,400000,2018,Jun,4,28.1,1366417754,5.36,471031528,20.593684,78.96288
79,CarryMinati,39200000,3294013141,Comedy,CarryMinati,186,India,IN,Comedy,2487,21,2,78688000,19700,314800,236100,3800000,700000,2014,Oct,30,28.1,1366417754,5.36,471031528,20.593684,78.96288
801,Zee Telugu,14000000,12597067132,Entertainment,zeetelugu,3,India,IN,Music,4039216,4651,4603,7,0,0.03,0.02,0.34,nan,2007,Jan,31,28.1,1366417754,5.36,471031528,20.593684,78.96288
830,infobells,13700000,5178142148,Education,infobells,495,India,IN,Education,1289,113,39,23893000,6000,95600,71700,1100000,100000,2011,Oct,20,28.1,1366417754,5.36,471031528,20.593684,78.96288
961,NDTV,12500000,4935793409,Entertainment,NDTV,151136,India,IN,News,1395,123,24,58527000,14600,234100,175600,2800000,100000,2006,May,8,28.1,1366417754,5.36,471031528,20.593684,78.96288
969,CKM,12500000,4465772496,Comedy,CKM,117,India,IN,Comedy,1621,123,42,13142000,3300,52600,39400,630800,nan,2018,Feb,20,28.1,1366417754,5.36,471031528,20.593684,78.96288
119,Jingle Toons,34000000,11351015824,Film & Animation,Jingle Toons,240,India,IN,Film,360,32,8,179903000,45000,719600,539700,8600000,600000,2013,Jan,24,28.1,1366417754,5.36,471031528,20.593684,78.96288
158,Zee News,30500000,16709857823,News & Politics,Zee News,180092,India,IN,News,168,41,4,461472000,115400,1800000,1400000,22200000,600000,2007,Jun,19,28.1,1366417754,5.36,471031528,20.593684,78.96288
211,Goldmines Bollywood,26400000,8595760553,Film & Animation,Goldmines Bollywood,3622,India,IN,Film,588,50,15,99677000,24900,398700,299000,4800000,400000,2015,Jul,22,28.1,1366417754,5.36,471031528,20.593684,78.96288
238,The Lallantop,25200000,10409352249,News & Politics,The Lallantop,51129,India,IN,News,408,52,6,273920000,68500,1100000,821800,13100000,300000,2015,Mar,23,28.1,1366417754,5.36,471031528,20.593684,78.96288
254,Pen Movies,24300000,6608773195,Film & Animation,Pen Movies,1667,India,IN,Film,903,53,17,94853000,23700,379400,284600,4600000,300000,2014,Mar,25,28.1,1366417754,5.36,471031528,20.593684,78.96288
296,Technical Guruji,23000000,3378047383,Science & Technology,Technical Guruji,5041,India,IN,Tech,2420,60,5,22262000,5600,89000,66800,1100000,nan,2015,Oct,19,28.1,1366417754,5.36,471031528,20.593684,78.96288
306,Sun TV,22600000,20847038152,People & Blogs,Sun TV,60964,India,IN,Entertainment,109,63,82,982238000,245600,3900000,2900000,47100000,600000,2016,Feb,26,28.1,1366417754,5.36,471031528,20.593684,78.96288
312,Goldmines Cineplex,22500000,2431154438,Film & Animation,Goldmines Cineplex,3377,India,IN,Film,3793,64,23,48740000,12200,195000,146200,2300000,200000,2015,Sep,12,28.1,1366417754,5.36,471031528,20.593684,78.96288
331,Netflix India,21800000,7780934187,People & Blogs,NETFLIX INDIA,1,nan,nan,People,4052308,nan,7665,408,0,0,0,0,nan,2017,Sep,24,nan,nan,nan,nan,nan,nan
34,Aaj Tak,57600000,25307753534,News & Politics,Aaj Tak,283775,India,IN,News,71,13,1,461148000,115300,1800000,1400000,22100000,500000,2009,Aug,27,28.1,1366417754,5.36,471031528,20.593684,78.96288
421,DLS News,19400000,2255542592,News & Politics,DLS News,4750,India,IN,News,4178,74,8,32111000,8000,128400,96300,1500000,100000,2017,Jul,5,28.1,1366417754,5.36,471031528,20.593684,78.96288
494,Priyal Kukreja,17800000,11057945183,People & Blogs,Priyal Kukreja,772,India,IN,People,378,83,29,431390000,107800,1700000,1300000,20700000,900000,2021,Apr,23,28.1,1366417754,5.36,471031528,20.593684,78.96288
499,jaanvi patel,17700000,7912733203,People & Blogs,jaanvi patel,512,India,IN,People,671,84,30,346753000,86700,1400000,1000000,16600000,900000,2018,Jul,18,28.1,1366417754,5.36,471031528,20.593684,78.96288
513,News18 India,17500000,7263619576,News & Politics,News18 India,182742,India,IN,News,770,85,10,394106000,98500,1600000,1200000,18900000,700000,2007,Oct,25,28.1,1366417754,5.36,471031528,20.593684,78.96288
521,Stubborn Facts,17300000,902225615,Film & Animation,Stubborn Facts,287,India,IN,Entertainment,13315,87,125,837850,209,3400,2500,40200,nan,2016,Sep,5,28.1,1366417754,5.36,471031528,20.593684,78.96288
557,NMF News,16600000,7435180827,News & Politics,NMF News,112261,India,IN,News,749,91,12,59201000,14800,236800,177600,2800000,100000,2013,Oct,22,28.1,1366417754,5.36,471031528,20.593684,78.96288
615,Narendra Modi,15800000,3392918989,News & Politics,Narendra Modi,20679,India,IN,News,2406,96,15,185969000,46500,743900,557900,8900000,700000,2007,Oct,26,28.1,1366417754,5.36,471031528,20.593684,78.96288
618,Volga Video,15700000,9787697838,Film & Animation,Volga Video,16874,India,IN,Entertainment,463,97,139,51315000,12800,205300,153900,2500000,nan,2012,Mar,23,28.1,1366417754,5.36,471031528,20.593684,78.96288
660,NDTV India,15200000,6624168155,News & Politics,NDTV India,91704,India,IN,News,900,101,16,49662000,12400,198600,149000,2400000,100000,2008,Jan,19,28.1,1366417754,5.36,471031528,20.593684,78.96288
685,Republic Bharat,15000000,7536093065,News & Politics,Gyani Beast,206,India,IN,News,1145576,2573,1992,998,0.25,4,3,48,nan,2018,Aug,16,28.1,1366417754,5.36,471031528,20.593684,78.96288
748,TV9 Bharatvarsh,14500000,10303519926,People & Blogs,TV9 Bharatvarsh,293516,India,IN,News,414,106,18,418474000,104600,1700000,1300000,20100000,700000,2018,Nov,19,28.1,1366417754,5.36,471031528,20.593684,78.96288
800,ETV Jabardasth,14000000,13542939513,People & Blogs,ETV Jabardasth,9652,India,IN,Comedy,268,111,34,133584000,33400,534300,400800,6400000,100000,2015,Jul,14,28.1,1366417754,5.36,471031528,20.593684,78.96288
861,Trakin Tech,13300000,2262690743,Science & Technology,Trakin Tech,3640,India,IN,Tech,4152,116,16,43669000,10900,174700,131000,2100000,100000,2011,Nov,2,28.1,1366417754,5.36,471031528,20.593684,78.96288
872,Kabita's Kitchen,13300000,2831275503,Howto & Style,Kabita's Kitchen,1489,India,IN,Howto,3123,117,32,43118000,10800,172500,129400,2100000,nan,2014,Oct,7,28.1,1366417754,5.36,471031528,20.593684,78.96288
885,Technology Gyan,13200000,1138262456,Science & Technology,Technology Gyan,1022,India,IN,Tech,9955,118,17,18518000,4600,74100,55600,888900,100000,2015,Nov,17,28.1,1366417754,5.36,471031528,20.593684,78.96288
886,CookingShooking Hindi,13200000,1758603195,People & Blogs,CookingShooking Hindi,393,India,IN,Howto,5855,118,33,11490000,2900,46000,34500,551500,nan,2017,Apr,4,28.1,1366417754,5.36,471031528,20.593684,78.96288
953,Health Time,12500000,1002219689,Howto & Style,Health Time,1810,India,IN,People,11667,123,62,1395000,349,5600,4200,66900,nan,2016,Sep,25,28.1,1366417754,5.36,471031528,20.593684,78.96288
96,ABP NEWS,37000000,13102611515,People & Blogs,ABP NEWS,301308,India,IN,News,280,25,2,267060000,66800,1100000,801200,12800000,400000,2012,Jun,1,28.1,1366417754,5.36,471031528,20.593684,78.96288
981,Zee Kids,12400000,7683670251,Film & Animation,Zee Kids,1212,India,IN,Entertainment,709,124,172,95163000,23800,380700,285500,4600000,100000,2012,Jul,6,28.1,1366417754,5.36,471031528,20.593684,78.96288
982,Pari's Lifestyle,12400000,7741764747,People & Blogs,Pari's Lifestyle,459,India,IN,People,702,124,63,38165000,9500,152700,114500,1800000,nan,2018,Nov,26,28.1,1366417754,5.36,471031528,20.593684,78.96288
985,bharatzkitchen HINDI,12400000,2315226648,Howto & Style,bharatzkitchen HINDI,729,India,IN,Howto,4042,124,38,30968000,7700,123900,92900,1500000,100000,2016,Aug,10,28.1,1366417754,5.36,471031528,20.593684,78.96288
388,Kiddiestv Hindi - Nursery Rhymes & Kids Songs,20200000,7274150246,Education,Kiddiestv Hindi - Nursery Rhymes & Kids Songs,226,India,IN,Education,780,71,23,113420000,28400,453700,340300,5400000,300000,2017,May,25,28.1,1366417754,5.36,471031528,20.593684,78.96288
559,Lahari Music - TSeries,16600000,11946217860,Music,Lahari Music - TSeries,8976,India,IN,Music,326,91,115,89012000,22300,356000,267000,4300000,100000,2011,Nov,21,28.1,1366417754,5.36,471031528,20.593684,78.96288
836,JOJO TV - Hindi Stories,13600000,5141201173,Education,JOJO TV - Hindi Stories,1097,India,IN,Film,1303,114,42,10764000,2700,43100,32300,516700,100000,2016,Dec,25,28.1,1366417754,5.36,471031528,20.593684,78.96288
345,Ishaan Ali 11,21300000,12761253839,People & Blogs,Ishaan Ali 11,951,India,IN,People,301,68,16,729409000,182400,2900000,2200000,35000000,1600000,2016,Jul,27,28.1,1366417754,5.36,471031528,20.593684,78.96288
853,Vibhu 96,13400000,20563378,nan,Vibhu 96,256,India,IN,Education,342460,114,40,20264000,5100,81100,60800,972700,300000,2022,Jun,5,28.1,1366417754,5.36,471031528,20.593684,78.96288
761,Indore Physical Academy,14400000,4156427797,People & Blogs,Indore Physical Academy,1838,India,IN,People,1793,107,47,70409000,17600,281600,211200,3400000,200000,2014,Apr,19,28.1,1366417754,5.36,471031528,20.593684,78.96288
436,Wow Kidz Action,19000000,8281724393,Film & Animation,Wow Kidz Action,1525,India,IN,Entertainment,618,78,111,105706000,26400,422800,317100,5100000,200000,2017,Nov,8,28.1,1366417754,5.36,471031528,20.593684,78.96288
636,Kashvi Adlakha,15500000,12714141740,Entertainment,Kashvi Adlakha,1525,India,IN,Entertainment,300,99,141,139123000,34800,556500,417400,6700000,200000,2017,Apr,9,28.1,1366417754,5.36,471031528,20.593684,78.96288
852,The World Adventures ï¿½ï¿½ï¿½ï¿½ï¿½ï¿½,13400000,2139769210,People & Blogs,The World Adventures ï¿½ï¿½ï¿½ï¿½ï¿½ï¿½,1028,India,IN,People,4540,116,53,1043000,261,4200,3100,50100,nan,2016,Sep,9,28.1,1366417754,5.36,471031528,20.593684,78.96288
284,Tilak,23400000,9465863821,Film & Animation,Tilak,6672,India,IN,Film,493,56,20,367347000,91800,1500000,1100000,17600000,900000,2020,Oct,10,28.1,1366417754,5.36,471031528,20.593684,78.96288
38,YRF,54600000,35302243691,Film & Animation,YRF,3707,India,IN,Music,28,15,16,512093000,128000,2000000,1500000,24600000,500000,2006,Jun,7,28.1,1366417754,5.36,471031528,20.593684,78.96288
781,Zee Bangla,14200000,11428794827,Entertainment,Zee Bangla,132398,India,IN,Entertainment,352,109,153,59927000,15000,239700,179800,2900000,200000,2008,Feb,26,28.1,1366417754,5.36,471031528,20.593684,78.96288
632,Infobells Bangla,15500000,7776706184,Education,Infobells Bangla,359,India,IN,Education,687,98,32,167888000,42000,671600,503700,8100000,300000,2016,Jun,13,28.1,1366417754,5.36,471031528,20.593684,78.96288
381,Emiway Bantai,20400000,3579555124,Music,Emiway Bantai,239,India,IN,Music,2236,70,94,41289000,10300,165200,123900,2000000,100000,2013,May,3,28.1,1366417754,5.36,471031528,20.593684,78.96288
639,Harsh Beniwal,15400000,1781226000,Comedy,Harsh Beniwal,165,India,IN,Comedy,5724,100,27,27963000,7000,111900,83900,1300000,100000,2015,May,6,28.1,1366417754,5.36,471031528,20.593684,78.96288
967,Wave Music Bhakti,12500000,5146004207,Music,Wave Music Bhakti,19899,India,IN,Music,1299,123,149,11079000,2800,44300,33200,531800,nan,2011,Apr,19,28.1,1366417754,5.36,471031528,20.593684,78.96288
879,Sonotek Bhakti,13200000,3789736218,Entertainment,Sonotek Bhakti,8019,India,IN,Music,2063,118,142,25321000,6300,101300,76000,1200000,nan,2010,Dec,27,28.1,1366417754,5.36,471031528,20.593684,78.96288
825,The Vishal bhatt,13700000,9596430464,Comedy,The Vishal bhatt,1040,India,IN,Comedy,487,113,36,379240000,94800,1500000,1100000,18200000,600000,2021,Aug,15,28.1,1366417754,5.36,471031528,20.593684,78.96288
657,T-Series Hamaar Bhojpuri,15200000,7564652648,Entertainment,T-Series Hamaar Bhojpuri,9862,India,IN,Music,728,101,125,105978000,26500,423900,317900,5100000,200000,2011,Nov,1,28.1,1366417754,5.36,471031528,20.593684,78.96288
621,Team Films Bhojpuri,15700000,6626563508,Music,Team Films Bhojpuri,19703,India,IN,Music,902,97,121,30744000,7700,123000,92200,1500000,nan,2014,Jul,18,28.1,1366417754,5.36,471031528,20.593684,78.96288
290,Wave Music Bhojpuri,23100000,12889240875,Music,Wave Music Bhojpuri,22578,India,IN,Music,293,59,81,52678000,13200,210700,158000,2500000,100000,2014,Aug,10,28.1,1366417754,5.36,471031528,20.593684,78.96288
145,Worldwide Records Bhojpuri,31700000,16476978876,Music,Worldwide Records Bhojpuri,6518,India,IN,Music,177,39,48,112648000,28200,450600,337900,5400000,200000,2012,Mar,15,28.1,1366417754,5.36,471031528,20.593684,78.96288
357,Dr. Vivek Bindra: Motivational Speaker,20900000,1693149479,Education,Dr. Vivek Bindra: Motivational Speaker,896,India,IN,Education,6082,69,20,28588000,7100,114400,85800,1400000,100000,2013,Dec,6,28.1,1366417754,5.36,471031528,20.593684,78.96288
827,MyMissAnand,13700000,4963275018,People & Blogs,MyMissAnand,340,India,IN,Entertainment,1387,113,159,27882000,7000,111500,83600,1300000,nan,2014,Jul,22,28.1,1366417754,5.36,471031528,20.593684,78.96288
652,Pokï¿½ï¿½ï¿½ï¿½ï¿½ï¿½ï¿½ï¿½ï¿½,15200000,857725714,People & Blogs,Pokï¿½ï¿½ï¿½ï¿½ï¿½ï¿½ï¿½ï¿½ï¿½,194,India,IN,Film,13929,100,35,65380000,16300,261500,196100,3100000,1300000,2017,Oct,15,28.1,1366417754,5.36,471031528,20.593684,78.96288
100,Ultra Bollywood,36600000,15653786446,Trailers,Ultra Bollywood,9168,India,IN,Entertainment,205,26,31,131462000,0,0,0,0,200000,2009,Oct,21,28.1,1366417754,5.36,471031528,20.593684,78.96288
693,A2 Motivation by Arvind Arora,15000000,8932038210,Entertainment,A2 Motivation by Arvind Arora,3168,India,IN,Entertainment,544,104,146,130731000,32700,522900,392200,6300000,200000,2017,Apr,7,28.1,1366417754,5.36,471031528,20.593684,78.96288
348,Dangal TV Channel,21300000,12895427184,Entertainment,Dangal TV Channel,20225,India,IN,Entertainment,291,67,92,561020000,140300,2200000,1700000,26900000,700000,2017,Aug,2,28.1,1366417754,5.36,471031528,20.593684,78.96288
335,Village Cooking Channel,21600000,5863377051,Howto & Style,Village Cooking Channel,219,India,IN,Howto,1082,66,9,194604000,48700,778400,583800,9300000,400000,2018,Apr,25,28.1,1366417754,5.36,471031528,20.593684,78.96288
537,Pop Chartbusters,16900000,8684010451,Music,Pop Chartbusters,2235,India,IN,Music,574,90,113,72911000,18200,291600,218700,3500000,200000,2011,Aug,26,28.1,1366417754,5.36,471031528,20.593684,78.96288
622,Zee Music Classic,15700000,5558051295,Music,Zee Music Classic,1640,India,IN,Music,1174,97,121,86450000,21600,345800,259300,4100000,100000,2014,May,20,28.1,1366417754,5.36,471031528,20.593684,78.96288
579,Bollywood Classics,16300000,7141825267,Entertainment,Bollywood Classics,1444,India,IN,Music,804,93,116,151477000,37900,605900,454400,7300000,300000,2011,Oct,13,28.1,1366417754,5.36,471031528,20.593684,78.96288
109,T-Series Bollywood Classics,35400000,22637783517,Music,T-Series Bollywood Classics,2010,India,IN,Music,94,28,39,331474000,82900,1300000,994400,15900000,500000,2012,Apr,2,28.1,1366417754,5.36,471031528,20.593684,78.96288
965,Flowers Comedy,12500000,11691081301,Entertainment,Flowers Comedy,11907,India,IN,Entertainment,337,122,170,180021000,45000,720100,540100,8600000,100000,2015,Aug,19,28.1,1366417754,5.36,471031528,20.593684,78.96288
452,Shemaroo Comedy,18600000,6047584292,Entertainment,Shemaroo Comedy,4487,India,IN,Comedy,1033,81,24,102431000,25600,409700,307300,4900000,200000,2007,Jan,31,28.1,1366417754,5.36,471031528,20.593684,78.96288
11,Zee Music Company,96700000,57856289381,Music,Zee Music Company,8548,India,IN,Music,12,3,2,803613000,200900,3200000,2400000,38600000,1100000,2014,Mar,12,28.1,1366417754,5.36,471031528,20.593684,78.96288
619,DM - Desi Melodies,15700000,5914071870,Music,DM - Desi Melodies,79,India,IN,Music,1071,97,121,141842000,35500,567400,425500,6800000,300000,2017,Jul,8,28.1,1366417754,5.36,471031528,20.593684,78.96288
905,Jomy Production,13000000,5057163256,Entertainment,SRK Edie soon,8,India,IN,nan,3686280,5227,nan,2,0,0.01,0.01,0.1,nan,2021,Mar,18,28.1,1366417754,5.36,471031528,20.593684,78.96288
95,Jkk Entertainment,37200000,16402066717,Comedy,Jkk Entertainment,220,India,IN,Comedy,178,24,3,49861000,12500,199400,149600,2400000,100000,2017,Mar,20,28.1,1366417754,5.36,471031528,20.593684,78.96288
972,DEV Ke Facts,12400000,1971226335,nan,DEV Ke Facts,218,India,IN,Education,5034,124,47,273670000,68400,1100000,821000,13100000,600000,2012,Sep,29,28.1,1366417754,5.36,471031528,20.593684,78.96288
745,Aadishakti Films,14500000,6290721701,Music,Aadishakti Films,4790,India,IN,Music,981,107,132,48447000,12100,193800,145300,2300000,200000,2016,Oct,28,28.1,1366417754,5.36,471031528,20.593684,78.96288
963,Family Fitness,12500000,10384848759,Entertainment,Family Fitness,1699,India,IN,Entertainment,413,123,171,235715000,58900,942900,707100,11300000,400000,2017,Jan,18,28.1,1366417754,5.36,471031528,20.593684,78.96288
26,Shemaroo Filmi Gaane,65600000,28648024439,Music,Shemaroo Filmi Gaane,8502,India,IN,Music,47,8,8,254961000,63700,1000000,764900,12200000,400000,2010,Jun,11,28.1,1366417754,5.36,471031528,20.593684,78.96288
649,LOKESH GAMER,15300000,1640078055,Gaming,LOKESH GAMER,1397,India,IN,Games,6356,101,46,5920000,1500,23700,17800,284200,nan,2017,Nov,16,28.1,1366417754,5.36,471031528,20.593684,78.96288
754,Gyan Gamingï¿½,14400000,2224121890,Gaming,Gyan Gamingï¿½,3086,India,IN,Games,4292,107,52,13891000,3500,55600,41700,666800,100000,2017,Sep,1,28.1,1366417754,5.36,471031528,20.593684,78.96288
144,MR. INDIAN HACKER,31700000,5711208484,Science & Technology,MR. INDIAN HACKER,929,India,IN,Tech,1132,40,1,109125000,27300,436500,327400,5200000,500000,2012,Jun,21,28.1,1366417754,5.36,471031528,20.593684,78.96288
564,BBC News Hindi,16500000,7043235131,News & Politics,BBC News Hindi,21243,India,IN,News,821,92,13,131202000,32800,524800,393600,6300000,300000,2009,Sep,22,28.1,1366417754,5.36,471031528,20.593684,78.96288
41,Infobells - Hindi,53300000,30516172739,Education,Infobells - Hindi,577,India,IN,Education,37,16,4,815949000,204000,3300000,2400000,39200000,1600000,2014,Jun,6,28.1,1366417754,5.36,471031528,20.593684,78.96288
719,StudyIQ IAS,14700000,4029253667,Education,StudyIQ IAS,43564,India,IN,Education,1879,106,36,74483000,18600,297900,223400,3600000,200000,2015,Jun,22,28.1,1366417754,5.36,471031528,20.593684,78.96288
820,Kids TV India Hindi Nursery Rhymes,13800000,6646953396,Shows,Kids TV India Hindi Nursery Rhymes,1505,India,IN,Education,898,112,38,78651000,19700,314600,236000,3800000,100000,2014,Nov,17,28.1,1366417754,5.36,471031528,20.593684,78.96288
992,Free Fire India Official,12300000,1674409945,People & Blogs,Free Fire India Official,1500,India,IN,Games,6141,125,69,64735000,16200,258900,194200,3100000,300000,2018,Sep,14,28.1,1366417754,5.36,471031528,20.593684,78.96288
5,SET India,159000000,1.48E+11,Shows,SET India,116536,India,IN,Entertainment,3,2,2,1824000000,455900,7300000,5500000,87500000,1000000,2006,Sep,20,28.1,1366417754,5.36,471031528,20.593684,78.96288
926,Troom Troom India,12800000,6804072897,Howto & Style,Troom Troom India,2385,nan,nan,Howto,873,nan,35,17270000,4300,69100,51800,829000,nan,2015,Apr,19,nan,nan,nan,nan,nan,nan
821,Think Music India,13800000,11039343563,Music,Think Music India,4978,India,IN,Music,374,112,137,217106000,54300,868400,651300,10400000,200000,2009,Aug,15,28.1,1366417754,5.36,471031528,20.593684,78.96288
623,Prime Video India,15700000,8696631898,Entertainment,Prime Video India,7090,United States,US,Entertainment,569,144,139,335111000,83800,1300000,1000000,16100000,1200000,2016,Oct,3,88.2,328239523,14.7,270663028,37.09024,-95.712891
256,shfa show India,24200000,15724160183,nan,shfa show India,469,United Arab Emirates,AE,People,203,3,9,151208000,37800,604800,453600,7300000,200000,2019,Apr,1,36.8,9770529,2.35,8479744,23.424076,53.847818
181,Aditya Music India,28500000,25857994495,Music,Aditya Music,0,nan,nan,Music,4057944,nan,4721,nan,0,0,0,0,nan,2010,Dec,16,nan,nan,nan,nan,nan,nan
35,Sony Music India,57200000,28837144516,Music,Sony Music India,3882,India,IN,Music,45,14,13,259310000,64800,1000000,777900,12400000,300000,2009,Sep,2,28.1,1366417754,5.36,471031528,20.593684,78.96288
432,Goldmines Great Indian Comedy,19100000,5194942269,Film & Animation,Goldmines Great Indian Comedy,2948,nan,nan,Film,1279,nan,26,65920000,16500,263700,197800,3200000,200000,2016,Aug,29,nan,nan,nan,nan,nan,nan
449,Triggered Insaan,18800000,3276891538,Comedy,Triggered Insaan,304,India,IN,People,2508,79,24,109026000,27300,436100,327100,5200000,700000,2014,Jul,17,28.1,1366417754,5.36,471031528,20.593684,78.96288
522,Taarak Mehta Ka Ooltah Chashmah,17300000,11371738047,Entertainment,Taarak Mehta Ka Ooltah Chashmah,4778,India,IN,Entertainment,356,87,125,331944000,83000,1300000,995800,15900000,300000,2014,Aug,4,28.1,1366417754,5.36,471031528,20.593684,78.96288
783,Neha Kakkar,14100000,2131548711,Music,Neha Kakkar,149,India,IN,Music,4624,110,134,25605000,6400,102400,76800,1200000,100000,2012,Oct,22,28.1,1366417754,5.36,471031528,20.593684,78.96288
777,infobells - Kannada,14200000,6554000320,Education,infobells - Kannada,433,India,IN,Education,912,110,37,141688000,35400,566800,425100,6800000,300000,2014,Mar,13,28.1,1366417754,5.36,471031528,20.593684,78.96288
514,Fun For Kids TV - Hindi Rhymes,17500000,7612385622,Entertainment,Fun For Kids TV - Hindi Rhymes,149,India,IN,Entertainment,723,86,124,109847000,27500,439400,329500,5300000,300000,2017,Sep,27,28.1,1366417754,5.36,471031528,20.593684,78.96288
54,Voot Kids,45500000,21388725229,Entertainment,Voot Kids,4660,India,IN,Entertainment,105,18,13,233988000,58500,936000,702000,11200000,400000,2016,Nov,23,28.1,1366417754,5.36,471031528,20.593684,78.96288
931,FACT FIRE KING,12700000,1159290255,nan,FACT FIRE KING,782,India,IN,Games,9683,120,66,51291000,12800,205200,153900,2500000,500000,2020,Jul,29,28.1,1366417754,5.36,471031528,20.593684,78.96288
202,Dushyant kukreja,27100000,17318452893,Entertainment,Dushyant kukreja,889,India,IN,Entertainment,159,49,52,429692000,107400,1700000,1300000,20600000,700000,2015,Sep,26,28.1,1366417754,5.36,471031528,20.593684,78.96288
656,Sony LIV,15200000,7151683497,Entertainment,Sony LIV,11099,India,IN,Entertainment,794,102,144,210909000,52700,843600,632700,10100000,300000,2014,May,2,28.1,1366417754,5.36,471031528,20.593684,78.96288
651,Mazhavil Manorama,15300000,16545966132,Entertainment,Mazhavil Manorama,87864,India,IN,Entertainment,175,100,142,361483000,90400,1400000,1100000,17400000,300000,2011,Oct,31,28.1,1366417754,5.36,471031528,20.593684,78.96288
854,Blockbuster Movies,13400000,2650061211,Entertainment,Blockbuster Movies,0,India,IN,nan,4057944,5589,nan,nan,0,0,0,0,nan,2017,Jul,4,28.1,1366417754,5.36,471031528,20.593684,78.96288
127,KHANDESHI MOVIES,33500000,11405809704,Comedy,KHANDESHI MOVIES,217,India,IN,Comedy,357,35,4,24736000,6200,98900,74200,1200000,100000,2013,Nov,11,28.1,1366417754,5.36,471031528,20.593684,78.96288
187,Shemaroo Movies,28200000,7600740993,Entertainment,Shemaroo Movies,3009,India,IN,Film,721,46,13,184966000,46200,739900,554900,8900000,500000,2011,Mar,1,28.1,1366417754,5.36,471031528,20.593684,78.96288
183,Aditya Movies,28400000,10062770060,Movies,Aditya Movies,5436,India,IN,Film,432,45,11,227355000,56800,909400,682100,10900000,500000,2012,Feb,23,28.1,1366417754,5.36,471031528,20.593684,78.96288
116,Geet MP3,34300000,12746535822,Music,Geet MP3,679,India,IN,Music,299,31,41,101357000,25300,405400,304100,4900000,100000,2016,Oct,22,28.1,1366417754,5.36,471031528,20.593684,78.96288
653,The MriDul,15200000,4503880875,Comedy,The MriDul,106,India,IN,Comedy,1593,102,28,98329000,24600,393300,295000,4700000,200000,2015,Mar,14,28.1,1366417754,5.36,471031528,20.593684,78.96288
33,Wave Music,58000000,40602020243,Music,Wave Music,19487,India,IN,Music,21,12,12,232025000,58000,928100,696100,11100000,500000,2014,Oct,29,28.1,1366417754,5.36,471031528,20.593684,78.96288
298,White Hill Music,23000000,10939966484,Entertainment,White Hill Music,5718,India,IN,Music,382,60,82,93183000,23300,372700,279500,4500000,100000,2014,Mar,23,28.1,1366417754,5.36,471031528,20.593684,78.96288
132,Eros Now Music,32700000,17853798780,Entertainment,Mzaalo,1521,India,IN,Entertainment,8055,730,838,20263000,5100,81100,60800,972600,40000,2012,Mar,14,28.1,1366417754,5.36,471031528,20.593684,78.96288
71,Ishtar Music,41400000,17608931161,Trailers,Ishtar Music,4510,India,IN,Music,155,20,28,180942000,45200,723800,542800,8700000,400000,2005,Sep,22,28.1,1366417754,5.36,471031528,20.593684,78.96288
655,SRK MUSIC,15200000,6391679636,Music,SRK MUSIC,5056,India,IN,Music,955,102,126,57809000,14500,231200,173400,2800000,200000,2012,Mar,16,28.1,1366417754,5.36,471031528,20.593684,78.96288
739,Lotus Music,14500000,1739129375,nan,Lotus Music,514,India,IN,Tech,5926,107,13,23034000,5800,92100,69100,1100000,100000,2021,Jun,1,28.1,1366417754,5.36,471031528,20.593684,78.96288
107,Saregama Music,35500000,15657673422,Entertainment,Saregama Music,7566,India,IN,Music,199,27,38,533793000,133400,2100000,1600000,25600000,900000,2013,Jan,4,28.1,1366417754,5.36,471031528,20.593684,78.96288
534,Prajapati News,17000000,1001465469,Comedy,Prajapati News,1407,India,IN,Entertainment,11662,89,128,7626000,1900,30500,22900,366100,100000,2013,Mar,14,28.1,1366417754,5.36,471031528,20.593684,78.96288
25,ChuChu TV Nursery Rhymes & Kids Songs,65900000,45757850229,Education,ChuChu TV Nursery Rhymes & Kids Songs,633,India,IN,Education,18,7,3,420292000,105100,1700000,1300000,20200000,500000,2013,Feb,9,28.1,1366417754,5.36,471031528,20.593684,78.96288
995,Make Joke Of,12300000,2129773714,Comedy,Make Joke Of,62,India,IN,Comedy,4568,125,44,24000000,6000,96000,72000,1200000,100000,2017,Aug,1,28.1,1366417754,5.36,471031528,20.593684,78.96288
845,Sanjoy Das Official,13500000,3912334359,Entertainment,Sanjoy Das Official,1793,India,IN,Games,1954,114,60,179232000,44800,716900,537700,8600000,400000,2015,Apr,29,28.1,1366417754,5.36,471031528,20.593684,78.96288
31,Tips Official,59300000,33431802698,Music,Tips Official,4741,India,IN,Music,30,11,10,422634000,105700,1700000,1300000,20300000,600000,2007,May,22,28.1,1366417754,5.36,471031528,20.593684,78.96288
735,Noman Official,14600000,5525773746,Comedy,Noman Official,560,India,IN,Film,1185,106,38,139116000,34800,556500,417300,6700000,500000,2019,Oct,28,28.1,1366417754,5.36,471031528,20.593684,78.96288
90,Sony PAL,38200000,28519339489,Shows,Sony PAL,24089,India,IN,Entertainment,49,23,25,415914000,104000,1700000,1200000,20000000,500000,2014,May,9,28.1,1366417754,5.36,471031528,20.593684,78.96288
425,Manoj  parihar,19300000,264228052,nan,Manoj  parihar,335,India,IN,Howto,48846,75,14,37167000,9300,148700,111500,1800000,300000,2021,Mar,2,28.1,1366417754,5.36,471031528,20.593684,78.96288
299,Ultra Movie Parlour,22900000,5320485069,Movies,Ultra Movie Parlour,1670,India,IN,Film,1248,61,22,118846000,0,0,0,0,300000,2011,May,17,28.1,1366417754,5.36,471031528,20.593684,78.96288
541,Aayu and Pihu Show,16900000,9270331567,Comedy,Aayu and Pihu Show,441,India,IN,People,510,90,34,89782000,22400,359100,269300,4300000,nan,2017,May,8,28.1,1366417754,5.36,471031528,20.593684,78.96288
108,IndiaTV,35500000,16105023749,News & Politics,IndiaTV,273255,India,IN,News,185,27,3,290847000,72700,1200000,872500,14000000,600000,2006,Aug,26,28.1,1366417754,5.36,471031528,20.593684,78.96288
823,Goldmines Premiere,13700000,1973638757,Entertainment,Goldmines Premiere,975,India,IN,Film,5047,113,41,37648000,9400,150600,112900,1800000,100000,2013,Oct,12,28.1,1366417754,5.36,471031528,20.593684,78.96288
891,Lokdhun Punjabi,13100000,4712624489,Music,Lokdhun Punjabi,1262,India,IN,Music,1484,119,143,34438000,8600,137800,103300,1700000,100000,2010,Dec,27,28.1,1366417754,5.36,471031528,20.593684,78.96288
67,Speed Records,42500000,26820902622,Music,Speed Records,10938,India,IN,Music,62,19,26,159757000,39900,639000,479300,7700000,100000,2012,Nov,22,28.1,1366417754,5.36,471031528,20.593684,78.96288
807,T-Series Regional,13900000,5217553897,Entertainment,T-Series Regional,15075,India,IN,Music,1275,111,136,33484000,8400,133900,100500,1600000,100000,2011,Feb,14,28.1,1366417754,5.36,471031528,20.593684,78.96288
129,CVS 3D Rhymes & Kids Songs,33400000,20269857567,Education,CVS 3D Rhymes & Kids Songs,338,India,IN,Education,120,35,9,136084000,34000,544300,408300,6500000,200000,2008,Aug,26,28.1,1366417754,5.36,471031528,20.593684,78.96288
723,Colors Rishtey,14700000,12362331529,Entertainment,Colors Rishtey,23490,India,IN,Entertainment,310,105,148,347603000,86900,1400000,1000000,16700000,400000,2013,Nov,28,28.1,1366417754,5.36,471031528,20.593684,78.96288
16,Sony SAB,83000000,1.01E+11,Shows,Sony SAB,71270,India,IN,Entertainment,4,5,7,1657000000,414300,6600000,5000000,79600000,1100000,2007,Aug,4,28.1,1366417754,5.36,471031528,20.593684,78.96288
28,T-Series Bhakti Sagar,61000000,29533230328,Music,T- SERIES BHAKTI SAGAR,13,India,IN,Music,4053938,5803,5744,10,0,0.04,0.03,0.48,nan,2018,Aug,3,28.1,1366417754,5.36,471031528,20.593684,78.96288
929,Right to Shiksha,12800000,7876740921,Education,Right to Shiksha,2044,India,IN,Education,670,120,45,213738000,53400,855000,641200,10300000,300000,2020,Apr,23,28.1,1366417754,5.36,471031528,20.593684,78.96288
765,RS 1313 SHORTS,14400000,8011977288,Entertainment,RS 1313 SHORTS,5628,India,IN,Entertainment,647,108,152,212639000,53200,850600,637900,10200000,200000,2020,Oct,24,28.1,1366417754,5.36,471031528,20.593684,78.96288
686,THE BROWN SIBLINGS,15000000,8658553456,Entertainment,THE BROWN SIBLINGS,965,India,IN,Entertainment,577,103,145,102357000,25600,409400,307100,4900000,200000,2016,Oct,9,28.1,1366417754,5.36,471031528,20.593684,78.96288
614,Dear Sir,15800000,1349288771,Education,Dear Sir,633,India,IN,Education,8066,95,31,24056000,6000,96200,72200,1200000,200000,2016,Dec,13,28.1,1366417754,5.36,471031528,20.593684,78.96288
687,Sony Music South,15000000,9978734160,Music,Sony Music South,2726,India,IN,Music,439,103,127,242185000,60500,968700,726600,11600000,300000,2014,Aug,6,28.1,1366417754,5.36,471031528,20.593684,78.96288
420,RKD Studios,19500000,5234251168,Entertainment,RKD Studios,847,India,IN,Entertainment,1265,74,108,59841000,0,0,0,0,300000,2014,Mar,14,28.1,1366417754,5.36,471031528,20.593684,78.96288
841,Anaysa,13500000,3445794123,Howto & Style,Anaysa,591,India,IN,Howto,2364,115,30,29706000,7400,118800,89100,1400000,nan,2012,Mar,10,28.1,1366417754,5.36,471031528,20.593684,78.96288
826,NishaMadhulika,13700000,2939201386,Howto & Style,NishaMadhulika,2158,India,IN,Howto,2972,113,29,22235000,5600,88900,66700,1100000,100000,2009,Aug,2,28.1,1366417754,5.36,471031528,20.593684,78.96288
87,Goldmines Gaane Sune Ansune,38300000,16718192386,Music,Goldmines Gaane Sune Ansune,3532,India,IN,Music,170,22,31,814756000,203700,3300000,2400000,39100000,400000,2015,Aug,24,28.1,1366417754,5.36,471031528,20.593684,78.96288
964,Zee Tamil,12500000,11552190002,Entertainment,Zee Tamil,102699,India,IN,Entertainment,342,123,171,349940000,87500,1400000,1000000,16800000,200000,2008,Aug,26,28.1,1366417754,5.36,471031528,20.593684,78.96288
180,infobells - Tamil,28900000,17930570614,Education,infobells - Tamil,555,India,IN,Education,149,44,13,109828000,27500,439300,329500,5300000,200000,2014,Mar,13,28.1,1366417754,5.36,471031528,20.593684,78.96288
379,Vijay Television,20400000,29406206620,Entertainment,Vijay Television,51515,India,IN,Entertainment,43,70,100,907534000,226900,3600000,2700000,43600000,400000,2007,Feb,1,28.1,1366417754,5.36,471031528,20.593684,78.96288
185,infobells - Telugu,28300000,14814192034,Education,infobells - Telugu,505,India,IN,Education,223,45,14,288110000,72000,1200000,864300,13800000,800000,2014,Mar,13,28.1,1366417754,5.36,471031528,20.593684,78.96288
405,Green Gold TV - Official Channel,20000000,9715291883,Film & Animation,Green Gold TV - Official Channel,1476,India,IN,Entertainment,473,72,104,70278000,0,0,0,0,100000,2011,Jul,1,28.1,1366417754,5.36,471031528,20.593684,78.96288
27,Colors TV,64600000,61510906457,Shows,Colors TV,112915,India,IN,Entertainment,10,9,9,1188000000,296900,4800000,3600000,57000000,1100000,2008,Jun,13,28.1,1366417754,5.36,471031528,20.593684,78.96288
22,Zee TV,70500000,73139054467,Entertainment,Zee TV,129204,India,IN,Entertainment,9,6,8,1707000000,426800,6800000,5100000,81900000,900000,2005,Dec,11,28.1,1366417754,5.36,471031528,20.593684,78.96288
603,wifistudy,16000000,3018032423,Education,wifistudy by Unacademy,52144,India,IN,Education,2855,94,30,14287000,3600,57100,42900,685800,nan,2014,Jul,26,28.1,1366417754,5.36,471031528,20.593684,78.96288
293,unknown boy varun,23100000,9299371231,Music,unknown boy varun,456,India,IN,Music,506,58,80,304021000,76000,1200000,912100,14600000,700000,2016,Sep,27,28.1,1366417754,5.36,471031528,20.593684,78.96288
847,Vijay Kumar Viner Vlogs,13500000,7958771872,Entertainment,Vijay Kumar Viner Vlogs,1357,India,IN,Entertainment,663,116,162,109813000,27500,439300,329400,5300000,300000,2019,Mar,22,28.1,1366417754,5.36,471031528,20.593684,78.96288
214,BB Ki Vines,26300000,4749833967,Entertainment,BB Ki Vines,190,India,IN,Entertainment,1462,51,57,17264000,4300,69100,51800,828600,nan,2015,Jun,20,28.1,1366417754,5.36,471031528,20.593684,78.96288
172,ashish chanchlani vines,29800000,4457913639,Comedy,ashish chanchlani vines,151,India,IN,Comedy,1622,42,8,26171000,6500,104700,78500,1300000,100000,2009,Jul,6,28.1,1366417754,5.36,471031528,20.593684,78.96288
678,Chetan Monga Vlogs,15000000,9924103188,People & Blogs,Chetan Monga Vlogs,899,India,IN,People,457,104,45,113572000,28400,454300,340700,5500000,400000,2014,Aug,17,28.1,1366417754,5.36,471031528,20.593684,78.96288
342,Sidhu Moose Wala,21400000,6264261757,Music,Sidhu Moose Wala,114,India,IN,Music,987,67,89,160690000,40200,642800,482100,7700000,500000,2017,Oct,30,28.1,1366417754,5.36,471031528,20.593684,78.96288
200,Crazy XYZ,27300000,7705492350,Entertainment,Crazy XYZ,1259,India,IN,Tech,707,48,2,102235000,25600,408900,306700,4900000,100000,2017,Sep,10,28.1,1366417754,5.36,471031528,20.593684,78.96288
bash-4.4$ grep "India" Global\ YouTube\ Statistics.csv | sort -k3,3 -t ','
992,Free Fire India Official,12300000,1674409945,People & Blogs,Free Fire India Official,1500,India,IN,Games,6141,125,69,64735000,16200,258900,194200,3100000,300000,2018,Sep,14,28.1,1366417754,5.36,471031528,20.593684,78.96288
995,Make Joke Of,12300000,2129773714,Comedy,Make Joke Of,62,India,IN,Comedy,4568,125,44,24000000,6000,96000,72000,1200000,100000,2017,Aug,1,28.1,1366417754,5.36,471031528,20.593684,78.96288
972,DEV Ke Facts,12400000,1971226335,nan,DEV Ke Facts,218,India,IN,Education,5034,124,47,273670000,68400,1100000,821000,13100000,600000,2012,Sep,29,28.1,1366417754,5.36,471031528,20.593684,78.96288
981,Zee Kids,12400000,7683670251,Film & Animation,Zee Kids,1212,India,IN,Entertainment,709,124,172,95163000,23800,380700,285500,4600000,100000,2012,Jul,6,28.1,1366417754,5.36,471031528,20.593684,78.96288
982,Pari's Lifestyle,12400000,7741764747,People & Blogs,Pari's Lifestyle,459,India,IN,People,702,124,63,38165000,9500,152700,114500,1800000,nan,2018,Nov,26,28.1,1366417754,5.36,471031528,20.593684,78.96288
985,bharatzkitchen HINDI,12400000,2315226648,Howto & Style,bharatzkitchen HINDI,729,India,IN,Howto,4042,124,38,30968000,7700,123900,92900,1500000,100000,2016,Aug,10,28.1,1366417754,5.36,471031528,20.593684,78.96288
953,Health Time,12500000,1002219689,Howto & Style,Health Time,1810,India,IN,People,11667,123,62,1395000,349,5600,4200,66900,nan,2016,Sep,25,28.1,1366417754,5.36,471031528,20.593684,78.96288
961,NDTV,12500000,4935793409,Entertainment,NDTV,151136,India,IN,News,1395,123,24,58527000,14600,234100,175600,2800000,100000,2006,May,8,28.1,1366417754,5.36,471031528,20.593684,78.96288
963,Family Fitness,12500000,10384848759,Entertainment,Family Fitness,1699,India,IN,Entertainment,413,123,171,235715000,58900,942900,707100,11300000,400000,2017,Jan,18,28.1,1366417754,5.36,471031528,20.593684,78.96288
964,Zee Tamil,12500000,11552190002,Entertainment,Zee Tamil,102699,India,IN,Entertainment,342,123,171,349940000,87500,1400000,1000000,16800000,200000,2008,Aug,26,28.1,1366417754,5.36,471031528,20.593684,78.96288
965,Flowers Comedy,12500000,11691081301,Entertainment,Flowers Comedy,11907,India,IN,Entertainment,337,122,170,180021000,45000,720100,540100,8600000,100000,2015,Aug,19,28.1,1366417754,5.36,471031528,20.593684,78.96288
967,Wave Music Bhakti,12500000,5146004207,Music,Wave Music Bhakti,19899,India,IN,Music,1299,123,149,11079000,2800,44300,33200,531800,nan,2011,Apr,19,28.1,1366417754,5.36,471031528,20.593684,78.96288
969,CKM,12500000,4465772496,Comedy,CKM,117,India,IN,Comedy,1621,123,42,13142000,3300,52600,39400,630800,nan,2018,Feb,20,28.1,1366417754,5.36,471031528,20.593684,78.96288
931,FACT FIRE KING,12700000,1159290255,nan,FACT FIRE KING,782,India,IN,Games,9683,120,66,51291000,12800,205200,153900,2500000,500000,2020,Jul,29,28.1,1366417754,5.36,471031528,20.593684,78.96288
926,Troom Troom India,12800000,6804072897,Howto & Style,Troom Troom India,2385,nan,nan,Howto,873,nan,35,17270000,4300,69100,51800,829000,nan,2015,Apr,19,nan,nan,nan,nan,nan,nan
929,Right to Shiksha,12800000,7876740921,Education,Right to Shiksha,2044,India,IN,Education,670,120,45,213738000,53400,855000,641200,10300000,300000,2020,Apr,23,28.1,1366417754,5.36,471031528,20.593684,78.96288
905,Jomy Production,13000000,5057163256,Entertainment,SRK Edie soon,8,India,IN,nan,3686280,5227,nan,2,0,0.01,0.01,0.1,nan,2021,Mar,18,28.1,1366417754,5.36,471031528,20.593684,78.96288
891,Lokdhun Punjabi,13100000,4712624489,Music,Lokdhun Punjabi,1262,India,IN,Music,1484,119,143,34438000,8600,137800,103300,1700000,100000,2010,Dec,27,28.1,1366417754,5.36,471031528,20.593684,78.96288
879,Sonotek Bhakti,13200000,3789736218,Entertainment,Sonotek Bhakti,8019,India,IN,Music,2063,118,142,25321000,6300,101300,76000,1200000,nan,2010,Dec,27,28.1,1366417754,5.36,471031528,20.593684,78.96288
885,Technology Gyan,13200000,1138262456,Science & Technology,Technology Gyan,1022,India,IN,Tech,9955,118,17,18518000,4600,74100,55600,888900,100000,2015,Nov,17,28.1,1366417754,5.36,471031528,20.593684,78.96288
886,CookingShooking Hindi,13200000,1758603195,People & Blogs,CookingShooking Hindi,393,India,IN,Howto,5855,118,33,11490000,2900,46000,34500,551500,nan,2017,Apr,4,28.1,1366417754,5.36,471031528,20.593684,78.96288
861,Trakin Tech,13300000,2262690743,Science & Technology,Trakin Tech,3640,India,IN,Tech,4152,116,16,43669000,10900,174700,131000,2100000,100000,2011,Nov,2,28.1,1366417754,5.36,471031528,20.593684,78.96288
872,Kabita's Kitchen,13300000,2831275503,Howto & Style,Kabita's Kitchen,1489,India,IN,Howto,3123,117,32,43118000,10800,172500,129400,2100000,nan,2014,Oct,7,28.1,1366417754,5.36,471031528,20.593684,78.96288
852,The World Adventures ï¿½ï¿½ï¿½ï¿½ï¿½ï¿½,13400000,2139769210,People & Blogs,The World Adventures ï¿½ï¿½ï¿½ï¿½ï¿½ï¿½,1028,India,IN,People,4540,116,53,1043000,261,4200,3100,50100,nan,2016,Sep,9,28.1,1366417754,5.36,471031528,20.593684,78.96288
853,Vibhu 96,13400000,20563378,nan,Vibhu 96,256,India,IN,Education,342460,114,40,20264000,5100,81100,60800,972700,300000,2022,Jun,5,28.1,1366417754,5.36,471031528,20.593684,78.96288
854,Blockbuster Movies,13400000,2650061211,Entertainment,Blockbuster Movies,0,India,IN,nan,4057944,5589,nan,nan,0,0,0,0,nan,2017,Jul,4,28.1,1366417754,5.36,471031528,20.593684,78.96288
841,Anaysa,13500000,3445794123,Howto & Style,Anaysa,591,India,IN,Howto,2364,115,30,29706000,7400,118800,89100,1400000,nan,2012,Mar,10,28.1,1366417754,5.36,471031528,20.593684,78.96288
845,Sanjoy Das Official,13500000,3912334359,Entertainment,Sanjoy Das Official,1793,India,IN,Games,1954,114,60,179232000,44800,716900,537700,8600000,400000,2015,Apr,29,28.1,1366417754,5.36,471031528,20.593684,78.96288
847,Vijay Kumar Viner Vlogs,13500000,7958771872,Entertainment,Vijay Kumar Viner Vlogs,1357,India,IN,Entertainment,663,116,162,109813000,27500,439300,329400,5300000,300000,2019,Mar,22,28.1,1366417754,5.36,471031528,20.593684,78.96288
836,JOJO TV - Hindi Stories,13600000,5141201173,Education,JOJO TV - Hindi Stories,1097,India,IN,Film,1303,114,42,10764000,2700,43100,32300,516700,100000,2016,Dec,25,28.1,1366417754,5.36,471031528,20.593684,78.96288
823,Goldmines Premiere,13700000,1973638757,Entertainment,Goldmines Premiere,975,India,IN,Film,5047,113,41,37648000,9400,150600,112900,1800000,100000,2013,Oct,12,28.1,1366417754,5.36,471031528,20.593684,78.96288
825,The Vishal bhatt,13700000,9596430464,Comedy,The Vishal bhatt,1040,India,IN,Comedy,487,113,36,379240000,94800,1500000,1100000,18200000,600000,2021,Aug,15,28.1,1366417754,5.36,471031528,20.593684,78.96288
826,NishaMadhulika,13700000,2939201386,Howto & Style,NishaMadhulika,2158,India,IN,Howto,2972,113,29,22235000,5600,88900,66700,1100000,100000,2009,Aug,2,28.1,1366417754,5.36,471031528,20.593684,78.96288
827,MyMissAnand,13700000,4963275018,People & Blogs,MyMissAnand,340,India,IN,Entertainment,1387,113,159,27882000,7000,111500,83600,1300000,nan,2014,Jul,22,28.1,1366417754,5.36,471031528,20.593684,78.96288
830,infobells,13700000,5178142148,Education,infobells,495,India,IN,Education,1289,113,39,23893000,6000,95600,71700,1100000,100000,2011,Oct,20,28.1,1366417754,5.36,471031528,20.593684,78.96288
820,Kids TV India Hindi Nursery Rhymes,13800000,6646953396,Shows,Kids TV India Hindi Nursery Rhymes,1505,India,IN,Education,898,112,38,78651000,19700,314600,236000,3800000,100000,2014,Nov,17,28.1,1366417754,5.36,471031528,20.593684,78.96288
821,Think Music India,13800000,11039343563,Music,Think Music India,4978,India,IN,Music,374,112,137,217106000,54300,868400,651300,10400000,200000,2009,Aug,15,28.1,1366417754,5.36,471031528,20.593684,78.96288
807,T-Series Regional,13900000,5217553897,Entertainment,T-Series Regional,15075,India,IN,Music,1275,111,136,33484000,8400,133900,100500,1600000,100000,2011,Feb,14,28.1,1366417754,5.36,471031528,20.593684,78.96288
800,ETV Jabardasth,14000000,13542939513,People & Blogs,ETV Jabardasth,9652,India,IN,Comedy,268,111,34,133584000,33400,534300,400800,6400000,100000,2015,Jul,14,28.1,1366417754,5.36,471031528,20.593684,78.96288
801,Zee Telugu,14000000,12597067132,Entertainment,zeetelugu,3,India,IN,Music,4039216,4651,4603,7,0,0.03,0.02,0.34,nan,2007,Jan,31,28.1,1366417754,5.36,471031528,20.593684,78.96288
783,Neha Kakkar,14100000,2131548711,Music,Neha Kakkar,149,India,IN,Music,4624,110,134,25605000,6400,102400,76800,1200000,100000,2012,Oct,22,28.1,1366417754,5.36,471031528,20.593684,78.96288
777,infobells - Kannada,14200000,6554000320,Education,infobells - Kannada,433,India,IN,Education,912,110,37,141688000,35400,566800,425100,6800000,300000,2014,Mar,13,28.1,1366417754,5.36,471031528,20.593684,78.96288
780,SEVENGERS,14200000,10238593147,Comedy,SEVENGERS,872,India,IN,Comedy,422,110,33,367898000,92000,1500000,1100000,17700000,400000,2018,Jun,4,28.1,1366417754,5.36,471031528,20.593684,78.96288
781,Zee Bangla,14200000,11428794827,Entertainment,Zee Bangla,132398,India,IN,Entertainment,352,109,153,59927000,15000,239700,179800,2900000,200000,2008,Feb,26,28.1,1366417754,5.36,471031528,20.593684,78.96288
754,Gyan Gamingï¿½,14400000,2224121890,Gaming,Gyan Gamingï¿½,3086,India,IN,Games,4292,107,52,13891000,3500,55600,41700,666800,100000,2017,Sep,1,28.1,1366417754,5.36,471031528,20.593684,78.96288
761,Indore Physical Academy,14400000,4156427797,People & Blogs,Indore Physical Academy,1838,India,IN,People,1793,107,47,70409000,17600,281600,211200,3400000,200000,2014,Apr,19,28.1,1366417754,5.36,471031528,20.593684,78.96288
765,RS 1313 SHORTS,14400000,8011977288,Entertainment,RS 1313 SHORTS,5628,India,IN,Entertainment,647,108,152,212639000,53200,850600,637900,10200000,200000,2020,Oct,24,28.1,1366417754,5.36,471031528,20.593684,78.96288
768,ZEE5,14400000,18515587421,Entertainment,ZEE5,101401,India,IN,Entertainment,142,108,152,149799000,37400,599200,449400,7200000,100000,2018,Feb,13,28.1,1366417754,5.36,471031528,20.593684,78.96288
739,Lotus Music,14500000,1739129375,nan,Lotus Music,514,India,IN,Tech,5926,107,13,23034000,5800,92100,69100,1100000,100000,2021,Jun,1,28.1,1366417754,5.36,471031528,20.593684,78.96288
745,Aadishakti Films,14500000,6290721701,Music,Aadishakti Films,4790,India,IN,Music,981,107,132,48447000,12100,193800,145300,2300000,200000,2016,Oct,28,28.1,1366417754,5.36,471031528,20.593684,78.96288
748,TV9 Bharatvarsh,14500000,10303519926,People & Blogs,TV9 Bharatvarsh,293516,India,IN,News,414,106,18,418474000,104600,1700000,1300000,20100000,700000,2018,Nov,19,28.1,1366417754,5.36,471031528,20.593684,78.96288
735,Noman Official,14600000,5525773746,Comedy,Noman Official,560,India,IN,Film,1185,106,38,139116000,34800,556500,417300,6700000,500000,2019,Oct,28,28.1,1366417754,5.36,471031528,20.593684,78.96288
719,StudyIQ IAS,14700000,4029253667,Education,StudyIQ IAS,43564,India,IN,Education,1879,106,36,74483000,18600,297900,223400,3600000,200000,2015,Jun,22,28.1,1366417754,5.36,471031528,20.593684,78.96288
723,Colors Rishtey,14700000,12362331529,Entertainment,Colors Rishtey,23490,India,IN,Entertainment,310,105,148,347603000,86900,1400000,1000000,16700000,400000,2013,Nov,28,28.1,1366417754,5.36,471031528,20.593684,78.96288
678,Chetan Monga Vlogs,15000000,9924103188,People & Blogs,Chetan Monga Vlogs,899,India,IN,People,457,104,45,113572000,28400,454300,340700,5500000,400000,2014,Aug,17,28.1,1366417754,5.36,471031528,20.593684,78.96288
685,Republic Bharat,15000000,7536093065,News & Politics,Gyani Beast,206,India,IN,News,1145576,2573,1992,998,0.25,4,3,48,nan,2018,Aug,16,28.1,1366417754,5.36,471031528,20.593684,78.96288
686,THE BROWN SIBLINGS,15000000,8658553456,Entertainment,THE BROWN SIBLINGS,965,India,IN,Entertainment,577,103,145,102357000,25600,409400,307100,4900000,200000,2016,Oct,9,28.1,1366417754,5.36,471031528,20.593684,78.96288
687,Sony Music South,15000000,9978734160,Music,Sony Music South,2726,India,IN,Music,439,103,127,242185000,60500,968700,726600,11600000,300000,2014,Aug,6,28.1,1366417754,5.36,471031528,20.593684,78.96288
693,A2 Motivation by Arvind Arora,15000000,8932038210,Entertainment,A2 Motivation by Arvind Arora,3168,India,IN,Entertainment,544,104,146,130731000,32700,522900,392200,6300000,200000,2017,Apr,7,28.1,1366417754,5.36,471031528,20.593684,78.96288
652,Pokï¿½ï¿½ï¿½ï¿½ï¿½ï¿½ï¿½ï¿½ï¿½,15200000,857725714,People & Blogs,Pokï¿½ï¿½ï¿½ï¿½ï¿½ï¿½ï¿½ï¿½ï¿½,194,India,IN,Film,13929,100,35,65380000,16300,261500,196100,3100000,1300000,2017,Oct,15,28.1,1366417754,5.36,471031528,20.593684,78.96288
653,The MriDul,15200000,4503880875,Comedy,The MriDul,106,India,IN,Comedy,1593,102,28,98329000,24600,393300,295000,4700000,200000,2015,Mar,14,28.1,1366417754,5.36,471031528,20.593684,78.96288
655,SRK MUSIC,15200000,6391679636,Music,SRK MUSIC,5056,India,IN,Music,955,102,126,57809000,14500,231200,173400,2800000,200000,2012,Mar,16,28.1,1366417754,5.36,471031528,20.593684,78.96288
656,Sony LIV,15200000,7151683497,Entertainment,Sony LIV,11099,India,IN,Entertainment,794,102,144,210909000,52700,843600,632700,10100000,300000,2014,May,2,28.1,1366417754,5.36,471031528,20.593684,78.96288
657,T-Series Hamaar Bhojpuri,15200000,7564652648,Entertainment,T-Series Hamaar Bhojpuri,9862,India,IN,Music,728,101,125,105978000,26500,423900,317900,5100000,200000,2011,Nov,1,28.1,1366417754,5.36,471031528,20.593684,78.96288
660,NDTV India,15200000,6624168155,News & Politics,NDTV India,91704,India,IN,News,900,101,16,49662000,12400,198600,149000,2400000,100000,2008,Jan,19,28.1,1366417754,5.36,471031528,20.593684,78.96288
649,LOKESH GAMER,15300000,1640078055,Gaming,LOKESH GAMER,1397,India,IN,Games,6356,101,46,5920000,1500,23700,17800,284200,nan,2017,Nov,16,28.1,1366417754,5.36,471031528,20.593684,78.96288
651,Mazhavil Manorama,15300000,16545966132,Entertainment,Mazhavil Manorama,87864,India,IN,Entertainment,175,100,142,361483000,90400,1400000,1100000,17400000,300000,2011,Oct,31,28.1,1366417754,5.36,471031528,20.593684,78.96288
639,Harsh Beniwal,15400000,1781226000,Comedy,Harsh Beniwal,165,India,IN,Comedy,5724,100,27,27963000,7000,111900,83900,1300000,100000,2015,May,6,28.1,1366417754,5.36,471031528,20.593684,78.96288
632,Infobells Bangla,15500000,7776706184,Education,Infobells Bangla,359,India,IN,Education,687,98,32,167888000,42000,671600,503700,8100000,300000,2016,Jun,13,28.1,1366417754,5.36,471031528,20.593684,78.96288
636,Kashvi Adlakha,15500000,12714141740,Entertainment,Kashvi Adlakha,1525,India,IN,Entertainment,300,99,141,139123000,34800,556500,417400,6700000,200000,2017,Apr,9,28.1,1366417754,5.36,471031528,20.593684,78.96288
618,Volga Video,15700000,9787697838,Film & Animation,Volga Video,16874,India,IN,Entertainment,463,97,139,51315000,12800,205300,153900,2500000,nan,2012,Mar,23,28.1,1366417754,5.36,471031528,20.593684,78.96288
619,DM - Desi Melodies,15700000,5914071870,Music,DM - Desi Melodies,79,India,IN,Music,1071,97,121,141842000,35500,567400,425500,6800000,300000,2017,Jul,8,28.1,1366417754,5.36,471031528,20.593684,78.96288
621,Team Films Bhojpuri,15700000,6626563508,Music,Team Films Bhojpuri,19703,India,IN,Music,902,97,121,30744000,7700,123000,92200,1500000,nan,2014,Jul,18,28.1,1366417754,5.36,471031528,20.593684,78.96288
622,Zee Music Classic,15700000,5558051295,Music,Zee Music Classic,1640,India,IN,Music,1174,97,121,86450000,21600,345800,259300,4100000,100000,2014,May,20,28.1,1366417754,5.36,471031528,20.593684,78.96288
623,Prime Video India,15700000,8696631898,Entertainment,Prime Video India,7090,United States,US,Entertainment,569,144,139,335111000,83800,1300000,1000000,16100000,1200000,2016,Oct,3,88.2,328239523,14.7,270663028,37.09024,-95.712891
614,Dear Sir,15800000,1349288771,Education,Dear Sir,633,India,IN,Education,8066,95,31,24056000,6000,96200,72200,1200000,200000,2016,Dec,13,28.1,1366417754,5.36,471031528,20.593684,78.96288
615,Narendra Modi,15800000,3392918989,News & Politics,Narendra Modi,20679,India,IN,News,2406,96,15,185969000,46500,743900,557900,8900000,700000,2007,Oct,26,28.1,1366417754,5.36,471031528,20.593684,78.96288
5,SET India,159000000,1.48E+11,Shows,SET India,116536,India,IN,Entertainment,3,2,2,1824000000,455900,7300000,5500000,87500000,1000000,2006,Sep,20,28.1,1366417754,5.36,471031528,20.593684,78.96288
603,wifistudy,16000000,3018032423,Education,wifistudy by Unacademy,52144,India,IN,Education,2855,94,30,14287000,3600,57100,42900,685800,nan,2014,Jul,26,28.1,1366417754,5.36,471031528,20.593684,78.96288
579,Bollywood Classics,16300000,7141825267,Entertainment,Bollywood Classics,1444,India,IN,Music,804,93,116,151477000,37900,605900,454400,7300000,300000,2011,Oct,13,28.1,1366417754,5.36,471031528,20.593684,78.96288
564,BBC News Hindi,16500000,7043235131,News & Politics,BBC News Hindi,21243,India,IN,News,821,92,13,131202000,32800,524800,393600,6300000,300000,2009,Sep,22,28.1,1366417754,5.36,471031528,20.593684,78.96288
557,NMF News,16600000,7435180827,News & Politics,NMF News,112261,India,IN,News,749,91,12,59201000,14800,236800,177600,2800000,100000,2013,Oct,22,28.1,1366417754,5.36,471031528,20.593684,78.96288
558,SriBalajiMovies,16600000,9439857193,Entertainment,SriBalajiMovies,20102,India,IN,Entertainment,497,91,132,154049000,38500,616200,462100,7400000,200000,2011,Sep,29,28.1,1366417754,5.36,471031528,20.593684,78.96288
559,Lahari Music - TSeries,16600000,11946217860,Music,Lahari Music - TSeries,8976,India,IN,Music,326,91,115,89012000,22300,356000,267000,4300000,100000,2011,Nov,21,28.1,1366417754,5.36,471031528,20.593684,78.96288
537,Pop Chartbusters,16900000,8684010451,Music,Pop Chartbusters,2235,India,IN,Music,574,90,113,72911000,18200,291600,218700,3500000,200000,2011,Aug,26,28.1,1366417754,5.36,471031528,20.593684,78.96288
541,Aayu and Pihu Show,16900000,9270331567,Comedy,Aayu and Pihu Show,441,India,IN,People,510,90,34,89782000,22400,359100,269300,4300000,nan,2017,May,8,28.1,1366417754,5.36,471031528,20.593684,78.96288
534,Prajapati News,17000000,1001465469,Comedy,Prajapati News,1407,India,IN,Entertainment,11662,89,128,7626000,1900,30500,22900,366100,100000,2013,Mar,14,28.1,1366417754,5.36,471031528,20.593684,78.96288
521,Stubborn Facts,17300000,902225615,Film & Animation,Stubborn Facts,287,India,IN,Entertainment,13315,87,125,837850,209,3400,2500,40200,nan,2016,Sep,5,28.1,1366417754,5.36,471031528,20.593684,78.96288
522,Taarak Mehta Ka Ooltah Chashmah,17300000,11371738047,Entertainment,Taarak Mehta Ka Ooltah Chashmah,4778,India,IN,Entertainment,356,87,125,331944000,83000,1300000,995800,15900000,300000,2014,Aug,4,28.1,1366417754,5.36,471031528,20.593684,78.96288
512,FactTechz,17500000,2238134438,Entertainment,FactTechz,709,India,IN,Entertainment,4243,86,124,21056000,5300,84200,63200,1000000,nan,2016,Jul,24,28.1,1366417754,5.36,471031528,20.593684,78.96288
513,News18 India,17500000,7263619576,News & Politics,News18 India,182742,India,IN,News,770,85,10,394106000,98500,1600000,1200000,18900000,700000,2007,Oct,25,28.1,1366417754,5.36,471031528,20.593684,78.96288
514,Fun For Kids TV - Hindi Rhymes,17500000,7612385622,Entertainment,Fun For Kids TV - Hindi Rhymes,149,India,IN,Entertainment,723,86,124,109847000,27500,439400,329500,5300000,300000,2017,Sep,27,28.1,1366417754,5.36,471031528,20.593684,78.96288
499,jaanvi patel,17700000,7912733203,People & Blogs,jaanvi patel,512,India,IN,People,671,84,30,346753000,86700,1400000,1000000,16600000,900000,2018,Jul,18,28.1,1366417754,5.36,471031528,20.593684,78.96288
494,Priyal Kukreja,17800000,11057945183,People & Blogs,Priyal Kukreja,772,India,IN,People,378,83,29,431390000,107800,1700000,1300000,20700000,900000,2021,Apr,23,28.1,1366417754,5.36,471031528,20.593684,78.96288
452,Shemaroo Comedy,18600000,6047584292,Entertainment,Shemaroo Comedy,4487,India,IN,Comedy,1033,81,24,102431000,25600,409700,307300,4900000,200000,2007,Jan,31,28.1,1366417754,5.36,471031528,20.593684,78.96288
449,Triggered Insaan,18800000,3276891538,Comedy,Triggered Insaan,304,India,IN,People,2508,79,24,109026000,27300,436100,327100,5200000,700000,2014,Jul,17,28.1,1366417754,5.36,471031528,20.593684,78.96288
436,Wow Kidz Action,19000000,8281724393,Film & Animation,Wow Kidz Action,1525,India,IN,Entertainment,618,78,111,105706000,26400,422800,317100,5100000,200000,2017,Nov,8,28.1,1366417754,5.36,471031528,20.593684,78.96288
432,Goldmines Great Indian Comedy,19100000,5194942269,Film & Animation,Goldmines Great Indian Comedy,2948,nan,nan,Film,1279,nan,26,65920000,16500,263700,197800,3200000,200000,2016,Aug,29,nan,nan,nan,nan,nan,nan
429,Sonotek,19200000,7590582024,Entertainment,Sonotek,8285,India,IN,Music,724,77,98,28678000,7200,114700,86000,1400000,100000,2011,Jan,11,28.1,1366417754,5.36,471031528,20.593684,78.96288
425,Manoj  parihar,19300000,264228052,nan,Manoj  parihar,335,India,IN,Howto,48846,75,14,37167000,9300,148700,111500,1800000,300000,2021,Mar,2,28.1,1366417754,5.36,471031528,20.593684,78.96288
421,DLS News,19400000,2255542592,News & Politics,DLS News,4750,India,IN,News,4178,74,8,32111000,8000,128400,96300,1500000,100000,2017,Jul,5,28.1,1366417754,5.36,471031528,20.593684,78.96288
423,etvteluguindia,19400000,23038014291,Entertainment,etvteluguindia,125974,India,IN,Entertainment,88,75,109,272917000,68200,1100000,818800,13100000,200000,2010,Mar,15,28.1,1366417754,5.36,471031528,20.593684,78.96288
420,RKD Studios,19500000,5234251168,Entertainment,RKD Studios,847,India,IN,Entertainment,1265,74,108,59841000,0,0,0,0,300000,2014,Mar,14,28.1,1366417754,5.36,471031528,20.593684,78.96288
405,Green Gold TV - Official Channel,20000000,9715291883,Film & Animation,Green Gold TV - Official Channel,1476,India,IN,Entertainment,473,72,104,70278000,0,0,0,0,100000,2011,Jul,1,28.1,1366417754,5.36,471031528,20.593684,78.96288
388,Kiddiestv Hindi - Nursery Rhymes & Kids Songs,20200000,7274150246,Education,Kiddiestv Hindi - Nursery Rhymes & Kids Songs,226,India,IN,Education,780,71,23,113420000,28400,453700,340300,5400000,300000,2017,May,25,28.1,1366417754,5.36,471031528,20.593684,78.96288
379,Vijay Television,20400000,29406206620,Entertainment,Vijay Television,51515,India,IN,Entertainment,43,70,100,907534000,226900,3600000,2700000,43600000,400000,2007,Feb,1,28.1,1366417754,5.36,471031528,20.593684,78.96288
381,Emiway Bantai,20400000,3579555124,Music,Emiway Bantai,239,India,IN,Music,2236,70,94,41289000,10300,165200,123900,2000000,100000,2013,May,3,28.1,1366417754,5.36,471031528,20.593684,78.96288
357,Dr. Vivek Bindra: Motivational Speaker,20900000,1693149479,Education,Dr. Vivek Bindra: Motivational Speaker,896,India,IN,Education,6082,69,20,28588000,7100,114400,85800,1400000,100000,2013,Dec,6,28.1,1366417754,5.36,471031528,20.593684,78.96288
345,Ishaan Ali 11,21300000,12761253839,People & Blogs,Ishaan Ali 11,951,India,IN,People,301,68,16,729409000,182400,2900000,2200000,35000000,1600000,2016,Jul,27,28.1,1366417754,5.36,471031528,20.593684,78.96288
347,Azhan5star,21300000,10047736580,Entertainment,Azhan5star,669,India,IN,Entertainment,436,67,92,236293000,59100,945200,708900,11300000,600000,2021,Feb,2,28.1,1366417754,5.36,471031528,20.593684,78.96288
348,Dangal TV Channel,21300000,12895427184,Entertainment,Dangal TV Channel,20225,India,IN,Entertainment,291,67,92,561020000,140300,2200000,1700000,26900000,700000,2017,Aug,2,28.1,1366417754,5.36,471031528,20.593684,78.96288
342,Sidhu Moose Wala,21400000,6264261757,Music,Sidhu Moose Wala,114,India,IN,Music,987,67,89,160690000,40200,642800,482100,7700000,500000,2017,Oct,30,28.1,1366417754,5.36,471031528,20.593684,78.96288
335,Village Cooking Channel,21600000,5863377051,Howto & Style,Village Cooking Channel,219,India,IN,Howto,1082,66,9,194604000,48700,778400,583800,9300000,400000,2018,Apr,25,28.1,1366417754,5.36,471031528,20.593684,78.96288
331,Netflix India,21800000,7780934187,People & Blogs,NETFLIX INDIA,1,nan,nan,People,4052308,nan,7665,408,0,0,0,0,nan,2017,Sep,24,nan,nan,nan,nan,nan,nan
312,Goldmines Cineplex,22500000,2431154438,Film & Animation,Goldmines Cineplex,3377,India,IN,Film,3793,64,23,48740000,12200,195000,146200,2300000,200000,2015,Sep,12,28.1,1366417754,5.36,471031528,20.593684,78.96288
306,Sun TV,22600000,20847038152,People & Blogs,Sun TV,60964,India,IN,Entertainment,109,63,82,982238000,245600,3900000,2900000,47100000,600000,2016,Feb,26,28.1,1366417754,5.36,471031528,20.593684,78.96288
307,Heroindori,22600000,9223534599,Comedy,Heroindori,495,India,IN,Entertainment,508,62,81,399152000,99800,1600000,1200000,19200000,1400000,2020,Jun,29,28.1,1366417754,5.36,471031528,20.593684,78.96288
299,Ultra Movie Parlour,22900000,5320485069,Movies,Ultra Movie Parlour,1670,India,IN,Film,1248,61,22,118846000,0,0,0,0,300000,2011,May,17,28.1,1366417754,5.36,471031528,20.593684,78.96288
296,Technical Guruji,23000000,3378047383,Science & Technology,Technical Guruji,5041,India,IN,Tech,2420,60,5,22262000,5600,89000,66800,1100000,nan,2015,Oct,19,28.1,1366417754,5.36,471031528,20.593684,78.96288
298,White Hill Music,23000000,10939966484,Entertainment,White Hill Music,5718,India,IN,Music,382,60,82,93183000,23300,372700,279500,4500000,100000,2014,Mar,23,28.1,1366417754,5.36,471031528,20.593684,78.96288
290,Wave Music Bhojpuri,23100000,12889240875,Music,Wave Music Bhojpuri,22578,India,IN,Music,293,59,81,52678000,13200,210700,158000,2500000,100000,2014,Aug,10,28.1,1366417754,5.36,471031528,20.593684,78.96288
293,unknown boy varun,23100000,9299371231,Music,unknown boy varun,456,India,IN,Music,506,58,80,304021000,76000,1200000,912100,14600000,700000,2016,Sep,27,28.1,1366417754,5.36,471031528,20.593684,78.96288
284,Tilak,23400000,9465863821,Film & Animation,Tilak,6672,India,IN,Film,493,56,20,367347000,91800,1500000,1100000,17600000,900000,2020,Oct,10,28.1,1366417754,5.36,471031528,20.593684,78.96288
256,shfa show India,24200000,15724160183,nan,shfa show India,469,United Arab Emirates,AE,People,203,3,9,151208000,37800,604800,453600,7300000,200000,2019,Apr,1,36.8,9770529,2.35,8479744,23.424076,53.847818
254,Pen Movies,24300000,6608773195,Film & Animation,Pen Movies,1667,India,IN,Film,903,53,17,94853000,23700,379400,284600,4600000,300000,2014,Mar,25,28.1,1366417754,5.36,471031528,20.593684,78.96288
1,T-Series,245000000,2.28E+11,Music,T-Series,20082,India,IN,Music,1,1,1,2258000000,564600,9000000,6800000,108400000,2000000,2006,Mar,13,28.1,1366417754,5.36,471031528,20.593684,78.96288
238,The Lallantop,25200000,10409352249,News & Politics,The Lallantop,51129,India,IN,News,408,52,6,273920000,68500,1100000,821800,13100000,300000,2015,Mar,23,28.1,1366417754,5.36,471031528,20.593684,78.96288
214,BB Ki Vines,26300000,4749833967,Entertainment,BB Ki Vines,190,India,IN,Entertainment,1462,51,57,17264000,4300,69100,51800,828600,nan,2015,Jun,20,28.1,1366417754,5.36,471031528,20.593684,78.96288
211,Goldmines Bollywood,26400000,8595760553,Film & Animation,Goldmines Bollywood,3622,India,IN,Film,588,50,15,99677000,24900,398700,299000,4800000,400000,2015,Jul,22,28.1,1366417754,5.36,471031528,20.593684,78.96288
202,Dushyant kukreja,27100000,17318452893,Entertainment,Dushyant kukreja,889,India,IN,Entertainment,159,49,52,429692000,107400,1700000,1300000,20600000,700000,2015,Sep,26,28.1,1366417754,5.36,471031528,20.593684,78.96288
200,Crazy XYZ,27300000,7705492350,Entertainment,Crazy XYZ,1259,India,IN,Tech,707,48,2,102235000,25600,408900,306700,4900000,100000,2017,Sep,10,28.1,1366417754,5.36,471031528,20.593684,78.96288
187,Shemaroo Movies,28200000,7600740993,Entertainment,Shemaroo Movies,3009,India,IN,Film,721,46,13,184966000,46200,739900,554900,8900000,500000,2011,Mar,1,28.1,1366417754,5.36,471031528,20.593684,78.96288
185,infobells - Telugu,28300000,14814192034,Education,infobells - Telugu,505,India,IN,Education,223,45,14,288110000,72000,1200000,864300,13800000,800000,2014,Mar,13,28.1,1366417754,5.36,471031528,20.593684,78.96288
183,Aditya Movies,28400000,10062770060,Movies,Aditya Movies,5436,India,IN,Film,432,45,11,227355000,56800,909400,682100,10900000,500000,2012,Feb,23,28.1,1366417754,5.36,471031528,20.593684,78.96288
181,Aditya Music India,28500000,25857994495,Music,Aditya Music,0,nan,nan,Music,4057944,nan,4721,nan,0,0,0,0,nan,2010,Dec,16,nan,nan,nan,nan,nan,nan
180,infobells - Tamil,28900000,17930570614,Education,infobells - Tamil,555,India,IN,Education,149,44,13,109828000,27500,439300,329500,5300000,200000,2014,Mar,13,28.1,1366417754,5.36,471031528,20.593684,78.96288
172,ashish chanchlani vines,29800000,4457913639,Comedy,ashish chanchlani vines,151,India,IN,Comedy,1622,42,8,26171000,6500,104700,78500,1300000,100000,2009,Jul,6,28.1,1366417754,5.36,471031528,20.593684,78.96288
158,Zee News,30500000,16709857823,News & Politics,Zee News,180092,India,IN,News,168,41,4,461472000,115400,1800000,1400000,22200000,600000,2007,Jun,19,28.1,1366417754,5.36,471031528,20.593684,78.96288
157,Round2hell,30700000,3145161634,Comedy,Round2hell,67,India,IN,Entertainment,2687,41,45,31822000,8000,127300,95500,1500000,300000,2016,Oct,20,28.1,1366417754,5.36,471031528,20.593684,78.96288
144,MR. INDIAN HACKER,31700000,5711208484,Science & Technology,MR. INDIAN HACKER,929,India,IN,Tech,1132,40,1,109125000,27300,436500,327400,5200000,500000,2012,Jun,21,28.1,1366417754,5.36,471031528,20.593684,78.96288
145,Worldwide Records Bhojpuri,31700000,16476978876,Music,Worldwide Records Bhojpuri,6518,India,IN,Music,177,39,48,112648000,28200,450600,337900,5400000,200000,2012,Mar,15,28.1,1366417754,5.36,471031528,20.593684,78.96288
140,StarPlus,32000000,26800674545,Entertainment,StarPlus,44892,India,IN,Entertainment,60,38,40,1667000000,416800,6700000,5000000,80000000,1200000,2006,May,19,28.1,1366417754,5.36,471031528,20.593684,78.96288
132,Eros Now Music,32700000,17853798780,Entertainment,Mzaalo,1521,India,IN,Entertainment,8055,730,838,20263000,5100,81100,60800,972600,40000,2012,Mar,14,28.1,1366417754,5.36,471031528,20.593684,78.96288
129,CVS 3D Rhymes & Kids Songs,33400000,20269857567,Education,CVS 3D Rhymes & Kids Songs,338,India,IN,Education,120,35,9,136084000,34000,544300,408300,6500000,200000,2008,Aug,26,28.1,1366417754,5.36,471031528,20.593684,78.96288
125,Rajshri,33500000,14864294792,Music,Rajshri,3741,India,IN,Entertainment,222,34,36,272255000,68100,1100000,816800,13100000,500000,2006,Mar,24,28.1,1366417754,5.36,471031528,20.593684,78.96288
127,KHANDESHI MOVIES,33500000,11405809704,Comedy,KHANDESHI MOVIES,217,India,IN,Comedy,357,35,4,24736000,6200,98900,74200,1200000,100000,2013,Nov,11,28.1,1366417754,5.36,471031528,20.593684,78.96288
119,Jingle Toons,34000000,11351015824,Film & Animation,Jingle Toons,240,India,IN,Film,360,32,8,179903000,45000,719600,539700,8600000,600000,2013,Jan,24,28.1,1366417754,5.36,471031528,20.593684,78.96288
116,Geet MP3,34300000,12746535822,Music,Geet MP3,679,India,IN,Music,299,31,41,101357000,25300,405400,304100,4900000,100000,2016,Oct,22,28.1,1366417754,5.36,471031528,20.593684,78.96288
109,T-Series Bollywood Classics,35400000,22637783517,Music,T-Series Bollywood Classics,2010,India,IN,Music,94,28,39,331474000,82900,1300000,994400,15900000,500000,2012,Apr,2,28.1,1366417754,5.36,471031528,20.593684,78.96288
107,Saregama Music,35500000,15657673422,Entertainment,Saregama Music,7566,India,IN,Music,199,27,38,533793000,133400,2100000,1600000,25600000,900000,2013,Jan,4,28.1,1366417754,5.36,471031528,20.593684,78.96288
108,IndiaTV,35500000,16105023749,News & Politics,IndiaTV,273255,India,IN,News,185,27,3,290847000,72700,1200000,872500,14000000,600000,2006,Aug,26,28.1,1366417754,5.36,471031528,20.593684,78.96288
100,Ultra Bollywood,36600000,15653786446,Trailers,Ultra Bollywood,9168,India,IN,Entertainment,205,26,31,131462000,0,0,0,0,200000,2009,Oct,21,28.1,1366417754,5.36,471031528,20.593684,78.96288
96,ABP NEWS,37000000,13102611515,People & Blogs,ABP NEWS,301308,India,IN,News,280,25,2,267060000,66800,1100000,801200,12800000,400000,2012,Jun,1,28.1,1366417754,5.36,471031528,20.593684,78.96288
95,Jkk Entertainment,37200000,16402066717,Comedy,Jkk Entertainment,220,India,IN,Comedy,178,24,3,49861000,12500,199400,149600,2400000,100000,2017,Mar,20,28.1,1366417754,5.36,471031528,20.593684,78.96288
90,Sony PAL,38200000,28519339489,Shows,Sony PAL,24089,India,IN,Entertainment,49,23,25,415914000,104000,1700000,1200000,20000000,500000,2014,May,9,28.1,1366417754,5.36,471031528,20.593684,78.96288
87,Goldmines Gaane Sune Ansune,38300000,16718192386,Music,Goldmines Gaane Sune Ansune,3532,India,IN,Music,170,22,31,814756000,203700,3300000,2400000,39100000,400000,2015,Aug,24,28.1,1366417754,5.36,471031528,20.593684,78.96288
79,CarryMinati,39200000,3294013141,Comedy,CarryMinati,186,India,IN,Comedy,2487,21,2,78688000,19700,314800,236100,3800000,700000,2014,Oct,30,28.1,1366417754,5.36,471031528,20.593684,78.96288
71,Ishtar Music,41400000,17608931161,Trailers,Ishtar Music,4510,India,IN,Music,155,20,28,180942000,45200,723800,542800,8700000,400000,2005,Sep,22,28.1,1366417754,5.36,471031528,20.593684,78.96288
67,Speed Records,42500000,26820902622,Music,Speed Records,10938,India,IN,Music,62,19,26,159757000,39900,639000,479300,7700000,100000,2012,Nov,22,28.1,1366417754,5.36,471031528,20.593684,78.96288
54,Voot Kids,45500000,21388725229,Entertainment,Voot Kids,4660,India,IN,Entertainment,105,18,13,233988000,58500,936000,702000,11200000,400000,2016,Nov,23,28.1,1366417754,5.36,471031528,20.593684,78.96288
50,SonyMusicIndiaVEVO,46600000,27286058807,Music,SonyMusicIndiaVEVO,3444,United States,US,Music,55,17,22,314505000,78600,1300000,943500,15100000,400000,2009,Sep,2,88.2,328239523,14.7,270663028,37.09024,-95.712891
48,Shemaroo,47400000,22519705183,Entertainment,Shemaroo,11451,India,IN,Entertainment,97,17,10,232744000,58200,931000,698200,11200000,500000,2007,Sep,1,28.1,1366417754,5.36,471031528,20.593684,78.96288
41,Infobells - Hindi,53300000,30516172739,Education,Infobells - Hindi,577,India,IN,Education,37,16,4,815949000,204000,3300000,2400000,39200000,1600000,2014,Jun,6,28.1,1366417754,5.36,471031528,20.593684,78.96288
38,YRF,54600000,35302243691,Film & Animation,YRF,3707,India,IN,Music,28,15,16,512093000,128000,2000000,1500000,24600000,500000,2006,Jun,7,28.1,1366417754,5.36,471031528,20.593684,78.96288
35,Sony Music India,57200000,28837144516,Music,Sony Music India,3882,India,IN,Music,45,14,13,259310000,64800,1000000,777900,12400000,300000,2009,Sep,2,28.1,1366417754,5.36,471031528,20.593684,78.96288
34,Aaj Tak,57600000,25307753534,News & Politics,Aaj Tak,283775,India,IN,News,71,13,1,461148000,115300,1800000,1400000,22100000,500000,2009,Aug,27,28.1,1366417754,5.36,471031528,20.593684,78.96288
33,Wave Music,58000000,40602020243,Music,Wave Music,19487,India,IN,Music,21,12,12,232025000,58000,928100,696100,11100000,500000,2014,Oct,29,28.1,1366417754,5.36,471031528,20.593684,78.96288
31,Tips Official,59300000,33431802698,Music,Tips Official,4741,India,IN,Music,30,11,10,422634000,105700,1700000,1300000,20300000,600000,2007,May,22,28.1,1366417754,5.36,471031528,20.593684,78.96288
28,T-Series Bhakti Sagar,61000000,29533230328,Music,T- SERIES BHAKTI SAGAR,13,India,IN,Music,4053938,5803,5744,10,0,0.04,0.03,0.48,nan,2018,Aug,3,28.1,1366417754,5.36,471031528,20.593684,78.96288
27,Colors TV,64600000,61510906457,Shows,Colors TV,112915,India,IN,Entertainment,10,9,9,1188000000,296900,4800000,3600000,57000000,1100000,2008,Jun,13,28.1,1366417754,5.36,471031528,20.593684,78.96288
26,Shemaroo Filmi Gaane,65600000,28648024439,Music,Shemaroo Filmi Gaane,8502,India,IN,Music,47,8,8,254961000,63700,1000000,764900,12200000,400000,2010,Jun,11,28.1,1366417754,5.36,471031528,20.593684,78.96288
25,ChuChu TV Nursery Rhymes & Kids Songs,65900000,45757850229,Education,ChuChu TV Nursery Rhymes & Kids Songs,633,India,IN,Education,18,7,3,420292000,105100,1700000,1300000,20200000,500000,2013,Feb,9,28.1,1366417754,5.36,471031528,20.593684,78.96288
22,Zee TV,70500000,73139054467,Entertainment,Zee TV,129204,India,IN,Entertainment,9,6,8,1707000000,426800,6800000,5100000,81900000,900000,2005,Dec,11,28.1,1366417754,5.36,471031528,20.593684,78.96288
16,Sony SAB,83000000,1.01E+11,Shows,Sony SAB,71270,India,IN,Entertainment,4,5,7,1657000000,414300,6600000,5000000,79600000,1100000,2007,Aug,4,28.1,1366417754,5.36,471031528,20.593684,78.96288
11,Zee Music Company,96700000,57856289381,Music,Zee Music Company,8548,India,IN,Music,12,3,2,803613000,200900,3200000,2400000,38600000,1100000,2014,Mar,12,28.1,1366417754,5.36,471031528,20.593684,78.96288
bash-4.4$ grep "India" Global\ YouTube\ Statistics.csv | sort -k3,3 -t ','[1@e[1@c[1@h[1@o[C[1@ 
sort -k3,3 -t ,
bash-4.4$ grep "India" Global\ YouTube\ Statistics.csv |echo  sort -k3,3 -t ','[1P[1@o[C[1P
sort -k3,3 -t ,
bash-4.4$ awk -F',' [K, [K[K '$2=="Indian[K" {print $3)[K}' Global\ YouTube\ Statistics.csv 
bash-4.4$ rm Subscribers/India.txt 
bash-4.4$ rm Subscribers/India.txt [C[C[C[C[C[C[C[C[C[C[42@awk -F',' '$2=="India" {print $3}' Global\ YouTube\ Statistics.csv[C>> Sub[K[Kubscribers/India.txt
bash-4.4$ awk -F',' '$2=="India" {print $3}' Global\ YouTube\ Statistics.csv >> Subscribers/India.txt[C[1P[1P[1P[1P[1P[1@U[1@n[1@i[1@t[1@e[1@d[1@ [1@S[1@t[1@a[1@r[1@e[1P[1P[1P[1@t[1@e[1P[1P[1@a[1@t[1@e[1@s[C[C[C[C[C[C[C[C[C[C[Kawk -F',' '$2=="United States" {print $3}' Global\ YouTube\ Statistics.csv >> Subscribers/India.txt[C[1P.txt[1P.txt[1P.txt[1P.txt[1P.txtU.txtn.txti.txtt.txte.txtd.txt .txt[1P.txt).txt[1P.txt_.txts.txt[1P.txtS.txtt.txta.txtt.txte.txts.txt
bash-4.4$ ls
'Global YouTube Statistics.csv'   Subscribers
bash-4.4$ cd Subscribers/
bash-4.4$ s[K;[Kls
India.txt  United_States.txt
bash-4.4$ rm United_States.txt 
bash-4.4$ rm United_States.txt [C[C[C[C[C[C[C[C[C[Cls[Kcd Subscribers/[C[C[C[C[C[C[C[C[C[Cls[Kawk -F',' '$2=="United States" {print $3}' Global\ YouTube\ Statistics.csv >> Subscribers/United_States.txt[C[C[C[C[C[C[C[C[C[Cls[Kcd Subscribers/[C[C[C[C[C[C[C[C[C[Cls[Krm United_States.txt [C[C[C[C[C[C[C[C[C[C[Kcd ..
bash-4.4$ ls
'Global YouTube Statistics.csv'   Subscribers
bash-4.4$ lscd ..rm United_States.txt [C[C[C[C[C[C[C[C[C[Cls[Kcd Subscribers/[C[C[C[C[C[C[C[C[C[Cls[Kawk -F',' '$2=="United States" {print $3}' Global\ YouTube\ Statistics.csv >> Subscribers/United_States.txt
bash-4.4$ cd Subscribers/
bash-4.4$ ls
India.txt  United_States.txt
bash-4.4$ view India.txt 
[?2004h[?1049h[22;0;0t[?1h=[?2004h[1;63r[?12h[?12l[27m[23m[29m[m[H[2J[?25l[63;1H"India.txt" [readonly] 0L, 0C[2;1H[94m~                                                                                                                                                                                                           [3;1H~                                                                                                                                                                                                           [4;1H~                                                                                                                                                                                                           [5;1H~                                                                                                                                                                                                           [6;1H~                                                                                                                                                                                                           [7;1H~                                                                                                                                                                                                           [8;1H~                                                                                                                                                                                                           [9;1H~                                                                                                                                                                                                           [10;1H~                                                                                                                                                                                                           [11;1H~                                                                                                                                                                                                           [12;1H~                                                                                                                                                                                                           [13;1H~                                                                                                                                                                                                           [14;1H~                                                                                                                                                                                                           [15;1H~                                                                                                                                                                                                           [16;1H~                                                                                                                                                                                                           [17;1H~                                                                                                                                                                                                           [18;1H~                                                                                                                                                                                                           [19;1H~                                                                                                                                                                                                           [20;1H~                                                                                                                                                                                                           [21;1H~                                                                                                                                                                                                           [22;1H~                                                                                                                                                                                                           [23;1H~                                                                                                                                                                                                           [24;1H~                                                                                                                                                                                                           [25;1H~                                                                                                                                                                                                           [26;1H~                                                                                                                                                                                                           [27;1H~                                                                                                                                                                                                           [28;1H~                                                                                                                                                                                                           [29;1H~                                                                                                                                                                                                           [30;1H~                                                                                                                                                                                                           [31;1H~                                                                                                                                                                                                           [32;1H~                                                                                                                                                                                                           [33;1H~                                                                                                                                                                                                           [34;1H~                                                                                                                                                                                                           [35;1H~                                                                                                                                                                                                           [36;1H~                                                                                                                                                                                                           [37;1H~                                                                                                                                                                                                           [38;1H~                                                                                                                                                                                                           [39;1H~                                                                                                                                                                                                           [40;1H~                                                                                                                                                                                                           [41;1H~                                                                                                                                                                                                           [42;1H~                                                                                                                                                                                                           [43;1H~                                                                                                                                                                                                           [44;1H~                                                                                                                                                                                                           [45;1H~                                                                                                                                                                                                           [46;1H~                                                                                                                                                                                                           [47;1H~                                                                                                                                                                                                           [48;1H~                                                                                                                                                                                                           [49;1H~                                                                                                                                                                                                           [50;1H~                                                                                                                                                                                                           [51;1H~                                                                                                                                                                                                           [52;1H~                                                                                                                                                                                                           [53;1H~                                                                                                                                                                                                           [54;1H~                                                                                                                                                                                                           [55;1H~                                                                                                                                                                                                           [56;1H~                                                                                                                                                                                                           [57;1H~                                                                                                                                                                                                           [58;1H~                                                                                                                                                                                                           [59;1H~                                                                                                                                                                                                           [60;1H~                                                                                                                                                                                                           [61;1H~                                                                                                                                                                                                           [62;1H~                                                                                                                                                                                                           [1;1H[?25h[?25l[m[63;1H[31mW10: Warning: Changing a readonly file[?2004l[?2004h[m[1m-- INSERT --[m[63;13H[K[2;1H[K[2;1H[?25h[?25l:[?25h[?25lq[?25h[?25l[3;1H[K[3;1H[?25h[63;1H[K[3;1H[?25l[?25h[?25l[63;1H:[?2004h[?25hq[?25l[97m[41mE37: No write since last change (add ! to override)[?2004h[3;1H[?25h[?25l[m[63;1H[K[63;1H:[?2004h[?25hq![?25l[?2004l[63;1H[K[63;1H[?2004l[?1l>[?25h[?1049l[23;0;0tbash-4.4$ rm India.txt 
bash-4.4$ rm United_States.txt 
bash-4.4$ grep "India [K" G[K[K[K[K[K[K[K[K[K[K[K[K[K[Kcd ..
bash-4.4$ s[Kls
'Global YouTube Statistics.csv'   Subscribers
bash-4.4$ grep "India" Global\ YouTube\ Statistics.csv | awk -F',' "[K'{print =[K[K==$[K[K[K $5}'[C[C[C[C[C[C[C[C[C[C[C[C[C[C
Music
Shows
Music
Shows
Entertainment
Education
Music
Shows
Music
Music
Music
News & Politics
Music
Film & Animation
Education
Entertainment
Music
Entertainment
Music
Trailers
Comedy
Music
Shows
Comedy
People & Blogs
Trailers
Entertainment
News & Politics
Music
Music
Film & Animation
Music
Comedy
Education
Entertainment
Entertainment
Science & Technology
Music
Comedy
News & Politics
Comedy
Education
Music
Movies
Education
Entertainment
Entertainment
Entertainment
Film & Animation
Entertainment
News & Politics
Film & Animation
nan
Film & Animation
Music
Music
Science & Technology
Entertainment
Movies
People & Blogs
Comedy
Film & Animation
People & Blogs
Howto & Style
Music
People & Blogs
Entertainment
Entertainment
Education
Entertainment
Music
Education
Film & Animation
Entertainment
News & Politics
Entertainment
nan
Entertainment
Film & Animation
Film & Animation
Comedy
Entertainment
People & Blogs
People & Blogs
Entertainment
News & Politics
Entertainment
Film & Animation
Entertainment
Comedy
Music
Comedy
News & Politics
Entertainment
Music
News & Politics
Entertainment
Education
Education
News & Politics
Film & Animation
Music
Music
Music
Entertainment
Education
Entertainment
Comedy
Gaming
Entertainment
People & Blogs
Comedy
Music
Entertainment
Entertainment
News & Politics
People & Blogs
News & Politics
Entertainment
Music
Entertainment
Education
Entertainment
Comedy
nan
Music
People & Blogs
Gaming
People & Blogs
Entertainment
Entertainment
Education
Comedy
Entertainment
Music
People & Blogs
Entertainment
Entertainment
Shows
Music
Entertainment
Comedy
Howto & Style
People & Blogs
Education
Education
Howto & Style
Entertainment
Entertainment
People & Blogs
nan
Entertainment
Science & Technology
Howto & Style
Entertainment
Science & Technology
People & Blogs
Music
Entertainment
Howto & Style
Education
nan
Howto & Style
Entertainment
Entertainment
Entertainment
Entertainment
Music
Comedy
nan
Film & Animation
People & Blogs
Howto & Style
People & Blogs
Comedy
bash-4.4$ grep "India" Global\ YouTube\ Statistics.csv | awk -F',' '{print $5}'[1P}'3}'
245000000
159000000
96700000
83000000
70500000
65900000
65600000
64600000
61000000
59300000
58000000
57600000
57200000
54600000
53300000
47400000
46600000
45500000
42500000
41400000
39200000
38300000
38200000
37200000
37000000
36600000
35500000
35500000
35400000
34300000
34000000
33500000
33500000
33400000
32700000
32000000
31700000
31700000
30700000
30500000
29800000
28900000
28500000
28400000
28300000
28200000
27300000
27100000
26400000
26300000
25200000
24300000
24200000
23400000
23100000
23100000
23000000
23000000
22900000
22600000
22600000
22500000
21800000
21600000
21400000
21300000
21300000
21300000
20900000
20400000
20400000
20200000
20000000
19500000
19400000
19400000
19300000
19200000
19100000
19000000
18800000
18600000
17800000
17700000
17500000
17500000
17500000
17300000
17300000
17000000
16900000
16900000
16600000
16600000
16600000
16500000
16300000
16000000
15800000
15800000
15700000
15700000
15700000
15700000
15700000
15500000
15500000
15400000
15300000
15300000
15200000
15200000
15200000
15200000
15200000
15200000
15000000
15000000
15000000
15000000
15000000
14700000
14700000
14600000
14500000
14500000
14500000
14400000
14400000
14400000
14400000
14200000
14200000
14200000
14100000
14000000
14000000
13900000
13800000
13800000
13700000
13700000
13700000
13700000
13700000
13600000
13500000
13500000
13500000
13400000
13400000
13400000
13300000
13300000
13200000
13200000
13200000
13100000
13000000
12800000
12800000
12700000
12500000
12500000
12500000
12500000
12500000
12500000
12500000
12400000
12400000
12400000
12400000
12300000
12300000
bash-4.4$ grep "India" Global\ YouTube\ Statistics.csv | awk -F',' '{print $3}' >> Subscribers/India.txt
bash-4.4$ grep "India" Global\ YouTube\ Statistics.csv | awk -F',' '{print $3}' >> Subscribers/India.txt[C[C[C[C[1P.txt[1P.txt[1P.txt[1P.txt[1P.txtU.txtn.txti.txtt.txte.txtd.txt_.txtS.txtt.txta.txtt.txte.txts.txt[1P[1P[1P[1P[1P[1@U[1@n[1@i[1@t[1@e[1@d[1@ [1@S[1@t[1@a[1@t[1@e[1@s
bash-4.4$ ls
'Global YouTube Statistics.csv'   Subscribers
bash-4.4$ cd C[KSubscribers/
bash-4.4$ ls
India.txt  United_States.txt
bash-4.4$ view India.txt 
[?2004h[?1049h[22;0;0t[?1h=[?2004h[1;63r[?12h[?12l[27m[23m[29m[m[H[2J[?25l[63;1H"India.txt" [readonly] 175L, 1577C[1;1H245000000
159000000
96700000
83000000
70500000
65900000
65600000
64600000
61000000
59300000
58000000
57600000
57200000
54600000
53300000
47400000
46600000
45500000
42500000
41400000
39200000
38300000
38200000
37200000
37000000
36600000
35500000
35500000
35400000
34300000
34000000
33500000
33500000
33400000
32700000
32000000
31700000
31700000
30700000
30500000
29800000
28900000
28500000
28400000
28300000
28200000
27300000
27100000
26400000
26300000
25200000
24300000
24200000
23400000
23100000
23100000
23000000
23000000
22900000
22600000
22600000
22500000[1;1H[?25h[?25l[63;1H[K[63;1H:[?2004h[?25hq[?25l[?2004l[63;1H[K[63;1H[?2004l[?1l>[?25h[?1049l[23;0;0tbash-4.4$ view United_States.txt 
[?2004h[?1049h[22;0;0t[?1h=[?2004h[1;63r[?12h[?12l[27m[23m[29m[m[H[2J[?25l[63;1H"United_States.txt" [readonly] 302L, 2713C[1;1H170000000
166000000
162000000
98900000
96000000
75000000
68200000
59500000
59500000
56900000
56400000
52900000
52700000
52200000
47900000
46600000
44200000
42400000
42400000
40900000
39200000
38600000
38200000
38200000
38000000
37600000
36700000
36600000
36300000
35200000
35200000
34900000
33700000
33600000
32800000
32700000
31700000
31700000
31600000
31600000
31200000
30700000
30700000
30400000
30200000
30100000
29600000
29200000
28400000
28200000
27500000
27500000
27300000
27000000
26700000
26700000
26500000
26400000
26200000
26100000
25700000
25700000[1;1H[?25h[?25l[63;1H[K[63;1H:[?2004h[?25hq[?25l[?2004l[63;1H[K[63;1H[?2004l[?1l>[?25h[?1049l[23;0;0tbash-4.4$ ls
India.txt  United_States.txt
bash-4.4$ cd ..
bash-4.4$ ls
'Global YouTube Statistics.csv'   Subscribers
bash-4.4$ awk '{totla[K[Kal += $1} END {print "United States mean: " total/NR }[K'[K}' Subscribers/United_States.txt > ws4_means.txt[C> ws4_means.txt
bash-4.4$ awk '{total += $1} END {print "United States mean: " total/NR }' Subscribers/United_States.txt >> ws4_means.txt[1P[1P[1P[1P[1P[1P[1P[1P[1P[1P[1P[1P[1P[1@I[1@n[1@d[1@i[1@a[C[1P[1P[1P[1P[1P[1P[1P[1P[1P[1P[1P[1P[1P[1@I[1@n[1@d[1@i[1@a[C
bash-4.4$ ls
'Global YouTube Statistics.csv'   Subscribers   ws4_means.txt
bash-4.4$ view W[Kws4_means.txt 
[?2004h[?1049h[22;0;0t[?1h=[?2004h[1;63r[?12h[?12l[27m[23m[29m[m[H[2J[?25l[63;1H"ws4_means.txt" [readonly] 2L, 53C[1;1HUnited States mean: 2.30897e+07
India mean: 25596000
[94m~                                                                                                                                                                                                           [4;1H~                                                                                                                                                                                                           [5;1H~                                                                                                                                                                                                           [6;1H~                                                                                                                                                                                                           [7;1H~                                                                                                                                                                                                           [8;1H~                                                                                                                                                                                                           [9;1H~                                                                                                                                                                                                           [10;1H~                                                                                                                                                                                                           [11;1H~                                                                                                                                                                                                           [12;1H~                                                                                                                                                                                                           [13;1H~                                                                                                                                                                                                           [14;1H~                                                                                                                                                                                                           [15;1H~                                                                                                                                                                                                           [16;1H~                                                                                                                                                                                                           [17;1H~                                                                                                                                                                                                           [18;1H~                                                                                                                                                                                                           [19;1H~                                                                                                                                                                                                           [20;1H~                                                                                                                                                                                                           [21;1H~                                                                                                                                                                                                           [22;1H~                                                                                                                                                                                                           [23;1H~                                                                                                                                                                                                           [24;1H~                                                                                                                                                                                                           [25;1H~                                                                                                                                                                                                           [26;1H~                                                                                                                                                                                                           [27;1H~                                                                                                                                                                                                           [28;1H~                                                                                                                                                                                                           [29;1H~                                                                                                                                                                                                           [30;1H~                                                                                                                                                                                                           [31;1H~                                                                                                                                                                                                           [32;1H~                                                                                                                                                                                                           [33;1H~                                                                                                                                                                                                           [34;1H~                                                                                                                                                                                                           [35;1H~                                                                                                                                                                                                           [36;1H~                                                                                                                                                                                                           [37;1H~                                                                                                                                                                                                           [38;1H~                                                                                                                                                                                                           [39;1H~                                                                                                                                                                                                           [40;1H~                                                                                                                                                                                                           [41;1H~                                                                                                                                                                                                           [42;1H~                                                                                                                                                                                                           [43;1H~                                                                                                                                                                                                           [44;1H~                                                                                                                                                                                                           [45;1H~                                                                                                                                                                                                           [46;1H~                                                                                                                                                                                                           [47;1H~                                                                                                                                                                                                           [48;1H~                                                                                                                                                                                                           [49;1H~                                                                                                                                                                                                           [50;1H~                                                                                                                                                                                                           [51;1H~                                                                                                                                                                                                           [52;1H~                                                                                                                                                                                                           [53;1H~                                                                                                                                                                                                           [54;1H~                                                                                                                                                                                                           [55;1H~                                                                                                                                                                                                           [56;1H~                                                                                                                                                                                                           [57;1H~                                                                                                                                                                                                           [58;1H~                                                                                                                                                                                                           [59;1H~                                                                                                                                                                                                           [60;1H~                                                                                                                                                                                                           [61;1H~                                                                                                                                                                                                           [62;1H~                                                                                                                                                                                                           [1;1H[?25h[?25l[m[63;1H[K[63;1H:[?2004h[?25hq[?25l[?2004l[63;1H[K[63;1H[?2004l[?1l>[?25h[?1049l[23;0;0tbash-4.4$ git status
On branch master
Your branch is up to date with 'origin/master'.

Changes not staged for commit:
  (use "git add <file>..." to update what will be committed)
  (use "git restore <file>..." to discard changes in working directory)
  (commit or discard the untracked or modified content in submodules)
	[31mmodified:   ../Worksheet1[m (modified content)

Untracked files:
  (use "git add <file>..." to include in what will be committed)
	[31m./[m

no changes added to commit (use "git add" and/or "git commit -a")
bash-4.4$ git add *
bash-4.4$ l[Kgit status
On branch master
Your branch is up to date with 'origin/master'.

Changes to be committed:
  (use "git restore --staged <file>..." to unstage)
	[32mnew file:   Global YouTube Statistics.csv[m
	[32mnew file:   Subscribers/India.txt[m
	[32mnew file:   Subscribers/United_States.txt[m
	[32mnew file:   ws4_means.txt[m

Changes not staged for commit:
  (use "git add <file>..." to update what will be committed)
  (use "git restore <file>..." to discard changes in working directory)
  (commit or discard the untracked or modified content in submodules)
	[31mmodified:   ../Worksheet1[m (modified content)

bash-4.4$ git commit -m "Completel[Kd Worksheet4
> 
> 
> "
[master 13b30d8] Completed Worksheet4
 4 files changed, 1475 insertions(+)
 create mode 100644 Worksheet4/Global YouTube Statistics.csv
 create mode 100644 Worksheet4/Subscribers/India.txt
 create mode 100644 Worksheet4/Subscribers/United_States.txt
 create mode 100644 Worksheet4/ws4_means.txt
bash-4.4$ git commit -m "comp[K[K[K[Kproperly completed wort[Kksheet 4"
On branch master
Your branch is ahead of 'origin/master' by 1 commit.
  (use "git push" to publish your local commits)

Changes not staged for commit:
  (use "git add <file>..." to update what will be committed)
  (use "git restore <file>..." to discard changes in working directory)
  (commit or discard the untracked or modified content in submodules)
	[31mmodified:   ../Worksheet1[m (modified content)

no changes added to commit (use "git add" and/or "git commit -a")
bash-4.4$ git push
Warning: Permanently added the ECDSA host key for IP address '140.82.112.4' to the list of known hosts.
Enumerating objects: 9, done.
Counting objects:  11% (1/9)Counting objects:  22% (2/9)Counting objects:  33% (3/9)Counting objects:  44% (4/9)Counting objects:  55% (5/9)Counting objects:  66% (6/9)Counting objects:  77% (7/9)Counting objects:  88% (8/9)Counting objects: 100% (9/9)Counting objects: 100% (9/9), done.
Delta compression using up to 256 threads
Compressing objects:  12% (1/8)Compressing objects:  25% (2/8)Compressing objects:  37% (3/8)Compressing objects:  50% (4/8)Compressing objects:  62% (5/8)Compressing objects:  75% (6/8)Compressing objects:  87% (7/8)Compressing objects: 100% (8/8)Compressing objects: 100% (8/8), done.
Writing objects:  12% (1/8)Writing objects:  25% (2/8)Writing objects:  37% (3/8)Writing objects:  50% (4/8)Writing objects:  62% (5/8)Writing objects:  75% (6/8)Writing objects:  87% (7/8)Writing objects: 100% (8/8)Writing objects: 100% (8/8), 60.36 KiB | 5.03 MiB/s, done.
Total 8 (delta 1), reused 0 (delta 0), pack-reused 0
remote: Resolving deltas:   0% (0/1)[Kremote: Resolving deltas: 100% (1/1)[Kremote: Resolving deltas: 100% (1/1), completed with 1 local object.[K
To github.com:rahulchamps2002/cs131.git
   f1cfcc6..13b30d8  master -> master
bash-4.4$ [Kbash-4.4$ [Kbash-4.4$ [Kbash-4.4$ [Kbash-4.4$ 
bash-4.4$ exit

Script done on 2023-10-04 15:32:44-04:00
